[1/397] g7_math_7.2A_2025_q3
[2/397] g7_math_7.2A_2024_q3
[3/397] g7_math_7.2A_2019_q10
[4/397] g7_math_7.2A_2018_q37
[5/397] g7_math_7.2A_2016_q29
[6/397] g7_math_7.2A_2015_q1
[7/397] g7_math_7.3A_2025_q23
[8/397] g7_math_7.3A_2024_q2
[9/397] g7_math_7.3A_2022_q12
[10/397] g7_math_7.3A_2021_q10
[11/397] g7_math_7.3A_2019_q24
[12/397] g7_math_7.3A_2018_q30
[13/397] g7_math_7.3A_2017_q23
[14/397] g7_math_7.3A_2016_q25
[15/397] g7_math_7.3B_2025_q11
[16/397] g7_math_7.3B_2025_q36
[17/397] g7_math_7.3B_2024_q5
[18/397] g7_math_7.3B_2024_q24
[19/397] g7_math_7.3B_2023_q14
[20/397] g7_math_7.3B_2023_q31
[21/397] g7_math_7.3B_2022_q9
[22/397] g7_math_7.3B_2021_q7
[23/397] g7_math_7.3B_2021_q24
[24/397] g7_math_7.3B_2019_q1
[25/397] g7_math_7.3B_2019_q21
[26/397] g7_math_7.3B_2018_q17
[27/397] g7_math_7.3B_2018_q35
[28/397] g7_math_7.3B_2017_q5
[29/397] g7_math_7.3B_2017_q36
[30/397] g7_math_7.3B_2016_q8
[31/397] g7_math_7.3B_2016_q21
[32/397] g7_math_7.3B_2016_q37
[33/397] g7_math_7.3B_2015_q5
[34/397] g7_math_7.4A_2025_q4
[35/397] g7_math_7.4A_2025_q31
[36/397] g7_math_7.4A_2024_q16
[37/397] g7_math_7.4A_2024_q30
[38/397] g7_math_7.4A_2023_q9
[39/397] g7_math_7.4A_2023_q23
[40/397] g7_math_7.4A_2022_q15
[41/397] g7_math_7.4A_2022_q23
[42/397] g7_math_7.4A_2021_q14
[43/397] g7_math_7.4A_2021_q40
[44/397] g7_math_7.4A_2019_q4
[45/397] g7_math_7.4A_2019_q23
[46/397] g7_math_7.4A_2018_q5
[47/397] g7_math_7.4A_2018_q40
[48/397] g7_math_7.4A_2017_q9
[49/397] g7_math_7.4A_2017_q25
[50/397] g7_math_7.4A_2016_q11
[51/397] g7_math_7.4A_2016_q34
[52/397] g7_math_7.4A_2016_q54
[53/397] g7_math_7.4A_2015_q6
[54/397] g7_math_7.4B_2025_q2
[55/397] g7_math_7.4B_2024_q26
[56/397] g7_math_7.4B_2023_q36
[57/397] g7_math_7.4B_2022_q8
[58/397] g7_math_7.4B_2021_q22
[59/397] g7_math_7.4B_2019_q36
[60/397] g7_math_7.4B_2017_q12
[61/397] g7_math_7.4B_2016_q1
[62/397] g7_math_7.4C_2024_q8
[63/397] g7_math_7.4C_2023_q33
[64/397] g7_math_7.4C_2019_q29
[65/397] g7_math_7.4C_2018_q1
[66/397] g7_math_7.4C_2015_q7
[67/397] g7_math_7.4D_2025_q7
[68/397] g7_math_7.4D_2025_q38
[69/397] g7_math_7.4D_2024_q20
[70/397] g7_math_7.4D_2024_q37
[71/397] g7_math_7.4D_2023_q1
[72/397] g7_math_7.4D_2023_q21
[73/397] g7_math_7.4D_2022_q14
[74/397] g7_math_7.4D_2022_q29
[75/397] g7_math_7.4D_2021_q18
[76/397] g7_math_7.4D_2021_q38
[77/397] g7_math_7.4D_2019_q15
[78/397] g7_math_7.4D_2019_q31
[79/397] g7_math_7.4D_2018_q9
[80/397] g7_math_7.4D_2018_q26
[81/397] g7_math_7.4D_2017_q14
[82/397] g7_math_7.4D_2017_q21
[83/397] g7_math_7.4D_2016_q15
[84/397] g7_math_7.4D_2016_q30
[85/397] g7_math_7.4D_2016_q48
[86/397] g7_math_7.4D_2015_q8
[87/397] g7_math_7.4E_2024_q9
[88/397] g7_math_7.4E_2022_q1
[89/397] g7_math_7.4E_2021_q29
[90/397] g7_math_7.4E_2019_q8
[91/397] g7_math_7.4E_2018_q19
[92/397] g7_math_7.4E_2017_q10
[93/397] g7_math_7.4E_2016_q24
[94/397] g7_math_7.4E_2015_q13
[95/397] g7_math_7.7A_2025_q9
[96/397] g7_math_7.7A_2025_q21
[97/397] g7_math_7.7A_2024_q15
[98/397] g7_math_7.7A_2024_q18
[99/397] g7_math_7.7A_2023_q7
[100/397] g7_math_7.7A_2023_q25
[101/397] g7_math_7.7A_2022_q3
[102/397] g7_math_7.7A_2022_q20
[103/397] g7_math_7.7A_2021_q1
[104/397] g7_math_7.7A_2021_q20
[105/397] g7_math_7.7A_2019_q17
[106/397] g7_math_7.7A_2019_q40
[107/397] g7_math_7.7A_2018_q11
[108/397] g7_math_7.7A_2018_q24
[109/397] g7_math_7.7A_2017_q16
[110/397] g7_math_7.7A_2017_q38
[111/397] g7_math_7.7A_2016_q27
[112/397] g7_math_7.7A_2016_q41
[113/397] g7_math_7.7A_2016_q47
[114/397] g7_math_7.7A_2015_q9
[115/397] g7_math_7.6A_2023_q2
[116/397] g7_math_7.6A_2021_q26
[117/397] g7_math_7.6A_2018_q8
[118/397] g7_math_7.6A_2016_q3
[119/397] g7_math_7.6C_2022_q35
[120/397] g7_math_7.6C_2019_q7
[121/397] g7_math_7.6C_2017_q31
[122/397] g7_math_7.6C_2016_q32
[123/397] g7_math_7.6D_2025_q6
[124/397] g7_math_7.6D_2023_q6
[125/397] g7_math_7.6D_2017_q17
[126/397] g7_math_7.6D_2016_q26
[127/397] g7_math_7.6E_2022_q33
[128/397] g7_math_7.6E_2021_q17
[129/397] g7_math_7.6E_2016_q40
[130/397] g7_math_7.6E_2015_q2
[131/397] g7_math_7.6H_2025_q1
[132/397] g7_math_7.6H_2025_q19
[133/397] g7_math_7.6H_2024_q6
[134/397] g7_math_7.6H_2024_q29
[135/397] g7_math_7.6H_2023_q15
[136/397] g7_math_7.6H_2023_q35
[137/397] g7_math_7.6H_2022_q2
[138/397] g7_math_7.6H_2022_q16
[139/397] g7_math_7.6H_2021_q5
[140/397] g7_math_7.6H_2021_q23
[141/397] g7_math_7.6H_2019_q16
[142/397] g7_math_7.6H_2019_q25
[143/397] g7_math_7.6H_2018_q15
[144/397] g7_math_7.6H_2018_q21
[145/397] g7_math_7.6H_2017_q1
[146/397] g7_math_7.6H_2017_q37
[147/397] g7_math_7.6H_2016_q22
[148/397] g7_math_7.6H_2016_q45
[149/397] g7_math_7.6H_2015_q3
[150/397] g7_math_7.6I_2025_q13
[151/397] g7_math_7.6I_2025_q24
[152/397] g7_math_7.6I_2024_q13
[153/397] g7_math_7.6I_2024_q31
[154/397] g7_math_7.6I_2023_q16
[155/397] g7_math_7.6I_2023_q30
[156/397] g7_math_7.6I_2022_q19
[157/397] g7_math_7.6I_2022_q26
[158/397] g7_math_7.6I_2021_q8
[159/397] g7_math_7.6I_2021_q30
[160/397] g7_math_7.6I_2019_q2
[161/397] g7_math_7.6I_2019_q35
[162/397] g7_math_7.6I_2018_q3
[163/397] g7_math_7.6I_2018_q25
[164/397] g7_math_7.6I_2017_q11
[165/397] g7_math_7.6I_2017_q28
[166/397] g7_math_7.6I_2016_q10
[167/397] g7_math_7.6I_2016_q53
[168/397] g7_math_7.6I_2015_q4
[169/397] g7_math_7.10A_2025_q28
[170/397] g7_math_7.10A_2024_q22
[171/397] g7_math_7.10A_2023_q3
[172/397] g7_math_7.10A_2022_q37
[173/397] g7_math_7.10A_2021_q16
[174/397] g7_math_7.10A_2017_q7
[175/397] g7_math_7.10A_2016_q50
[176/397] g7_math_7.10B_2025_q25
[177/397] g7_math_7.10B_2023_q27
[178/397] g7_math_7.10B_2022_q17
[179/397] g7_math_7.10B_2019_q9
[180/397] g7_math_7.10B_2018_q20
[181/397] g7_math_7.10B_2015_q10
[182/397] g7_math_7.10C_2022_q25
[183/397] g7_math_7.10C_2021_q34
[184/397] g7_math_7.10C_2018_q33
[185/397] g7_math_7.10C_2017_q33
[186/397] g7_math_7.10C_2016_q13
[187/397] g7_math_7.11A_2025_q16
[188/397] g7_math_7.11A_2025_q33
[189/397] g7_math_7.11A_2024_q10
[190/397] g7_math_7.11A_2024_q34
[191/397] g7_math_7.11A_2023_q18
[192/397] g7_math_7.11A_2023_q38
[193/397] g7_math_7.11A_2022_q27
[194/397] g7_math_7.11A_2022_q34
[195/397] g7_math_7.11A_2021_q12
[196/397] g7_math_7.11A_2021_q36
[197/397] g7_math_7.11A_2019_q12
[198/397] g7_math_7.11A_2019_q27
[199/397] g7_math_7.11A_2018_q7
[200/397] g7_math_7.11A_2018_q28
[201/397] g7_math_7.11A_2017_q18
[202/397] g7_math_7.11A_2017_q27
[203/397] g7_math_7.11A_2016_q4
[204/397] g7_math_7.11A_2016_q20
[205/397] g7_math_7.11A_2016_q44
[206/397] g7_math_7.11A_2015_q11
[207/397] g7_math_7.11B_2024_q28
[208/397] g7_math_7.11B_2023_q29
[209/397] g7_math_7.11B_2022_q6
[210/397] g7_math_7.11B_2021_q28
[211/397] g7_math_7.11B_2019_q34
[212/397] g7_math_7.11B_2018_q38
[213/397] g7_math_7.11B_2017_q3
[214/397] g7_math_7.11B_2016_q23
[215/397] g7_math_7.11B_2015_q12
[216/397] g7_math_7.4E_2025_q37
[217/397] g7_math_7.4E_2015_q13
[218/397] g7_math_7.5A_2025_q32
[219/397] g7_math_7.5A_2023_q19
[220/397] g7_math_7.5A_2021_q11
[221/397] g7_math_7.5A_2019_q13
[222/397] g7_math_7.5A_2018_q4
[223/397] g7_math_7.5A_2017_q39
[224/397] g7_math_7.5A_2016_q2
[225/397] g7_math_7.5B_2025_q14
[226/397] g7_math_7.5B_2024_q33
[227/397] g7_math_7.5B_2023_q11
[228/397] g7_math_7.5B_2022_q39
[229/397] g7_math_7.5B_2019_q26
[230/397] g7_math_7.5B_2018_q27
[231/397] g7_math_7.5B_2015_q14
[232/397] g7_math_7.5C_2025_q10
[233/397] g7_math_7.5C_2025_q20
[234/397] g7_math_7.5C_2024_q1
[235/397] g7_math_7.5C_2024_q19
[236/397] g7_math_7.5C_2023_q4
[237/397] g7_math_7.5C_2022_q5
[238/397] g7_math_7.5C_2022_q30
[239/397] g7_math_7.5C_2021_q2
[240/397] g7_math_7.5C_2021_q19
[241/397] g7_math_7.5C_2019_q20
[242/397] g7_math_7.5C_2019_q33
[243/397] g7_math_7.5C_2018_q16
[244/397] g7_math_7.5C_2018_q32
[245/397] g7_math_7.5C_2017_q2
[246/397] g7_math_7.5C_2017_q35
[247/397] g7_math_7.5C_2016_q18
[248/397] g7_math_7.5C_2016_q42
[249/397] g7_math_7.5C_2016_q49
[250/397] g7_math_7.5C_2015_q15
[251/397] g7_math_7.9A_2025_q5
[252/397] g7_math_7.9A_2025_q26
[253/397] g7_math_7.9A_2024_q4
[254/397] g7_math_7.9A_2023_q17
[255/397] g7_math_7.9A_2023_q34
[256/397] g7_math_7.9A_2022_q7
[257/397] g7_math_7.9A_2022_q38
[258/397] g7_math_7.9A_2021_q13
[259/397] g7_math_7.9A_2021_q21
[260/397] g7_math_7.9A_2019_q5
[261/397] g7_math_7.9A_2019_q39
[262/397] g7_math_7.9A_2018_q10
[263/397] g7_math_7.9A_2018_q39
[264/397] g7_math_7.9A_2017_q13
[265/397] g7_math_7.9A_2017_q22
[266/397] g7_math_7.9A_2016_q14
[267/397] g7_math_7.9A_2016_q31
[268/397] g7_math_7.9A_2016_q39
[269/397] g7_math_7.9A_2015_q16
[270/397] g7_math_7.9B_2025_q8
[271/397] g7_math_7.9B_2025_q29
[272/397] g7_math_7.9B_2024_q14
[273/397] g7_math_7.9B_2024_q25
[274/397] g7_math_7.9B_2023_q8
[275/397] g7_math_7.9B_2023_q37
[276/397] g7_math_7.9B_2022_q13
[277/397] g7_math_7.9B_2022_q24
[278/397] g7_math_7.9B_2021_q25
[279/397] g7_math_7.9B_2021_q37
[280/397] g7_math_7.9B_2019_q14
[281/397] g7_math_7.9B_2019_q37
[282/397] g7_math_7.9B_2018_q2
[283/397] g7_math_7.9B_2018_q23
[284/397] g7_math_7.9B_2017_q8
[285/397] g7_math_7.9B_2017_q32
[286/397] g7_math_7.9B_2016_q9
[287/397] g7_math_7.9B_2016_q33
[288/397] g7_math_7.9B_2016_q46
[289/397] g7_math_7.9B_2015_q17
[290/397] g7_math_7.9C_2025_q12
[291/397] g7_math_7.9C_2025_q22
[292/397] g7_math_7.9C_2024_q12
[293/397] g7_math_7.9C_2024_q36
[294/397] g7_math_7.9C_2023_q13
[295/397] g7_math_7.9C_2023_q26
[296/397] g7_math_7.9C_2022_q4
[297/397] g7_math_7.9C_2022_q21
[298/397] g7_math_7.9C_2021_q9
[299/397] g7_math_7.9C_2021_q32
[300/397] g7_math_7.9C_2019_q18
[301/397] g7_math_7.9C_2019_q30
[302/397] g7_math_7.9C_2018_q14
[303/397] g7_math_7.9C_2018_q34
[304/397] g7_math_7.9C_2017_q4
[305/397] g7_math_7.9C_2017_q19
[306/397] g7_math_7.9C_2016_q16
[307/397] g7_math_7.9C_2016_q35
[308/397] g7_math_7.9C_2016_q52
[309/397] g7_math_7.9C_2015_q18
[310/397] g7_math_7.9D_2025_q35
[311/397] g7_math_7.9D_2024_q27
[312/397] g7_math_7.9D_2023_q24
[313/397] g7_math_7.9D_2022_q28
[314/397] g7_math_7.9D_2021_q4
[315/397] g7_math_7.9D_2019_q11
[316/397] g7_math_7.9D_2017_q29
[317/397] g7_math_7.9D_2016_q6
[318/397] g7_math_7.9D_2015_q19
[319/397] g7_math_7.11C_2025_q18
[320/397] g7_math_7.11C_2024_q7
[321/397] g7_math_7.11C_2023_q22
[322/397] g7_math_7.11C_2022_q18
[323/397] g7_math_7.11C_2021_q35
[324/397] g7_math_7.11C_2018_q12
[325/397] g7_math_7.11C_2017_q24
[326/397] g7_math_7.11C_2016_q19
[327/397] g7_math_7.11C_2015_q20
[328/397] g7_math_7.6G_2025_q15
[329/397] g7_math_7.6G_2025_q30
[330/397] g7_math_7.6G_2024_q11
[331/397] g7_math_7.6G_2024_q21
[332/397] g7_math_7.6G_2023_q12
[333/397] g7_math_7.6G_2023_q28
[334/397] g7_math_7.6G_2022_q11
[335/397] g7_math_7.6G_2022_q36
[336/397] g7_math_7.6G_2021_q15
[337/397] g7_math_7.6G_2021_q33
[338/397] g7_math_7.6G_2019_q6
[339/397] g7_math_7.6G_2019_q22
[340/397] g7_math_7.6G_2018_q6
[341/397] g7_math_7.6G_2018_q31
[342/397] g7_math_7.6G_2017_q15
[343/397] g7_math_7.6G_2017_q26
[344/397] g7_math_7.6G_2016_q5
[345/397] g7_math_7.6G_2016_q36
[346/397] g7_math_7.6G_2015_q21
[347/397] g7_math_7.12A_2025_q17
[348/397] g7_math_7.12A_2025_q34
[349/397] g7_math_7.12A_2024_q17
[350/397] g7_math_7.12A_2024_q32
[351/397] g7_math_7.12A_2023_q10
[352/397] g7_math_7.12A_2023_q32
[353/397] g7_math_7.12A_2022_q10
[354/397] g7_math_7.12A_2022_q31
[355/397] g7_math_7.12A_2021_q6
[356/397] g7_math_7.12A_2021_q39
[357/397] g7_math_7.12A_2019_q3
[358/397] g7_math_7.12A_2019_q32
[359/397] g7_math_7.12A_2018_q13
[360/397] g7_math_7.12A_2018_q36
[361/397] g7_math_7.12A_2017_q6
[362/397] g7_math_7.12A_2017_q34
[363/397] g7_math_7.12A_2016_q17
[364/397] g7_math_7.12A_2016_q51
[365/397] g7_math_7.12A_2015_q22
[366/397] g7_math_7.12B_2024_q38
[367/397] g7_math_7.12B_2019_q38
[368/397] g7_math_7.12B_2018_q18
[369/397] g7_math_7.12C_2024_q35
[370/397] g7_math_7.12C_2023_q20
[371/397] g7_math_7.12C_2017_q40
[372/397] g7_math_7.13A_2022_q22
[373/397] g7_math_7.13A_2018_q22
[374/397] g7_math_7.13A_2017_q30
[375/397] g7_math_7.13A_2016_q38
[376/397] g7_math_7.13A_2015_q23
[377/397] g7_math_7.13B_2025_q27
[378/397] g7_math_7.13B_2023_q5
[379/397] g7_math_7.13B_2021_q3
[380/397] g7_math_7.13B_2017_q20
[381/397] g7_math_7.13B_2016_q43
[382/397] g7_math_7.13B_2015_q24
[383/397] g7_math_7.13C_2024_q23
[384/397] g7_math_7.13C_2021_q31
[385/397] g7_math_7.13C_2019_q19
[386/397] g7_math_7.13C_2018_q29
[387/397] g7_math_7.13C_2016_q28
[388/397] g7_math_7.13C_2015_q25
[389/397] g7_math_7.13D_2022_q40
[390/397] g7_math_7.13D_2015_q26
[391/397] g7_math_7.13E_2022_q32
[392/397] g7_math_7.13E_2016_q7
[393/397] g7_math_7.13E_2015_q27
[394/397] g7_math_7.13F_2021_q27
[395/397] g7_math_7.13F_2019_q28
[396/397] g7_math_7.13F_2016_q12
[397/397] g7_math_7.13F_2015_q28
Skipped 1 duplicate items after first occurrence dedupe.
Wrote 396 items to C:\Users\Casa-Desktop\Downloads\staar_first3_demo\collections\grade-7\math\data\staar_catalog.json
