[1/652] g9_elar_1.2B_2025_q11
[2/652] g9_elar_1.6A_2025_q12
[3/652] g9_elar_1.6D_2025_q10
[4/652] g9_elar_1.8A_2025_q13
[5/652] g9_elar_1.4C_2025_q15
[6/652] g9_elar_1.4F_2025_q17
[7/652] g9_elar_1.5C_2025_q16
[8/652] g9_elar_1.8E_2025_q14
[9/652] g9_elar_1.4H_2025_q18
[10/652] g9_elar_1.4H_2025_q19
[11/652] g9_elar_1.4H_2025_q20
[12/652] g9_elar_1.4H_2025_q21
[13/652] g9_elar_1.2B_2024_q11
[14/652] g9_elar_1.6B_2024_q10
[15/652] g9_elar_1.6C_2024_q13
[16/652] g9_elar_1.8E_2024_q12
[17/652] g9_elar_1.4H_2024_q18
[18/652] g9_elar_1.4H_2024_q19
[19/652] g9_elar_1.4H_2024_q20
[20/652] g9_elar_1.4H_2024_q21
[21/652] g9_elar_1.4E_2024_q28
[22/652] g9_elar_1.4F_2024_q23
[23/652] g9_elar_1.5B_2024_q30
[24/652] g9_elar_1.6A_2024_q22
[25/652] g9_elar_1.6D_2024_q24
[26/652] g9_elar_1.8A_2024_q25
[27/652] g9_elar_1.8B_2024_q27
[28/652] g9_elar_1.8D_2024_q26
[29/652] g9_elar_1.8E_2024_q29
[30/652] g9_elar_1.2B_2023_q9
[31/652] g9_elar_1.6A_2023_q10
[32/652] g9_elar_1.6C_2023_q11
[33/652] g9_elar_1.8F_2023_q12
[34/652] g9_elar_1.4H_2023_q17
[35/652] g9_elar_1.4H_2023_q18
[36/652] g9_elar_1.4H_2023_q19
[37/652] g9_elar_1.4H_2023_q20
[38/652] g9_elar_1.4F_2021_q19
[39/652] g9_elar_1.4F_2021_q20
[40/652] g9_elar_1.4F_2021_q21
[41/652] g9_elar_1.4F_2021_q22
[42/652] g9_elar_1.4F_2021_q23
[43/652] g9_elar_1.6B_2021_q24
[44/652] g9_elar_1.4F_2021_q33
[45/652] g9_elar_1.4F_2021_q34
[46/652] g9_elar_1.4F_2021_q35
[47/652] g9_elar_1.4F_2021_q36
[48/652] g9_elar_1.4F_2021_q37
[49/652] g9_elar_1.2B_2019_q40
[50/652] g9_elar_1.5C_2019_q39
[51/652] g9_elar_1.5C_2019_q41
[52/652] g9_elar_1.5C_2019_q42
[53/652] g9_elar_1.5C_2019_q44
[54/652] g9_elar_1.5C_2019_q45
[55/652] g9_elar_1.5C_2019_q38
[56/652] g9_elar_1.6B_2019_q43
[57/652] g9_elar_1.2B_2018_q19
[58/652] g9_elar_1.5C_2018_q24
[59/652] g9_elar_1.5C_2018_q26
[60/652] g9_elar_1.6B_2018_q21
[61/652] g9_elar_1.6B_2018_q22
[62/652] g9_elar_1.6B_2018_q23
[63/652] g9_elar_1.6B_2018_q25
[64/652] g9_elar_1.8D_2018_q20
[65/652] g9_elar_1.4F_2018_q34
[66/652] g9_elar_1.4F_2018_q35
[67/652] g9_elar_1.4F_2018_q36
[68/652] g9_elar_1.4F_2018_q37
[69/652] g9_elar_1.4F_2018_q38
[70/652] g9_elar_1.5C_2017_q47
[71/652] g9_elar_1.5C_2017_q51
[72/652] g9_elar_1.6B_2017_q48
[73/652] g9_elar_1.6B_2017_q49
[74/652] g9_elar_1.6B_2017_q50
[75/652] g9_elar_1.6B_2017_q52
[76/652] g9_elar_1.5C_2016_q47
[77/652] g9_elar_1.5C_2016_q50
[78/652] g9_elar_1.6B_2016_q45
[79/652] g9_elar_1.6B_2016_q46
[80/652] g9_elar_1.6B_2016_q49
[81/652] g9_elar_1.8D_2016_q48
[82/652] g9_elar_1.5C_2015_q45
[83/652] g9_elar_1.5C_2015_q46
[84/652] g9_elar_1.5C_2015_q48
[85/652] g9_elar_1.5C_2015_q50
[86/652] g9_elar_1.6B_2015_q47
[87/652] g9_elar_1.2B_2014_q23
[88/652] g9_elar_1.5C_2014_q26
[89/652] g9_elar_1.6B_2014_q25
[90/652] g9_elar_1.6B_2014_q27
[91/652] g9_elar_1.6B_2014_q28
[92/652] g9_elar_1.8D_2014_q24
[93/652] g9_elar_1.5C_2013_q10
[94/652] g9_elar_1.5C_2013_q11
[95/652] g9_elar_1.5C_2013_q12
[96/652] g9_elar_1.5C_2013_q13
[97/652] g9_elar_1.6B_2013_q8
[98/652] g9_elar_1.6B_2013_q9
[99/652] g9_elar_1.5C_2013_q29
[100/652] g9_elar_1.6B_2013_q30
[101/652] g9_elar_1.6B_2013_q31
[102/652] g9_elar_1.6C_2013_q33
[103/652] g9_elar_1.4F_2013_q34
[104/652] g9_elar_1.4F_2013_q35
[105/652] g9_elar_1.4F_2013_q36
[106/652] g9_elar_1.4F_2013_q37
[107/652] g9_elar_1.4F_2013_q38
[108/652] g9_elar_1.10B_2025_q30
[109/652] g9_elar_1.2A_2025_q22
[110/652] g9_elar_1.4F_2025_q27
[111/652] g9_elar_1.5C_2025_q24
[112/652] g9_elar_1.5D_2025_q28
[113/652] g9_elar_1.7D_2025_q23
[114/652] g9_elar_1.8A_2025_q26
[115/652] g9_elar_1.8B_2025_q25
[116/652] g9_elar_1.8D_2025_q29
[117/652] g9_elar_1.4E_2024_q16
[118/652] g9_elar_1.5D_2024_q15
[119/652] g9_elar_1.7D_2024_q14
[120/652] g9_elar_1.8A_2024_q17
[121/652] g9_elar_1.4H_2024_q18
[122/652] g9_elar_1.4H_2024_q19
[123/652] g9_elar_1.4H_2024_q20
[124/652] g9_elar_1.4H_2024_q21
[125/652] g9_elar_1.4F_2023_q7
[126/652] g9_elar_1.4G_2023_q5
[127/652] g9_elar_1.5C_2023_q6
[128/652] g9_elar_1.5D_2023_q8
[129/652] g9_elar_1.7D_2023_q2
[130/652] g9_elar_1.8A_2023_q1
[131/652] g9_elar_1.8B_2023_q3
[132/652] g9_elar_1.8F_2023_q4
[133/652] g9_elar_1.2A_2023_q28
[134/652] g9_elar_1.4F_2023_q29
[135/652] g9_elar_1.7D_2023_q25
[136/652] g9_elar_1.8A_2023_q26
[137/652] g9_elar_1.8B_2023_q23
[138/652] g9_elar_1.8C_2023_q21
[139/652] g9_elar_1.8D_2023_q22
[140/652] g9_elar_1.4G_2023_q27
[141/652] g9_elar_1.5C_2023_q24
[142/652] g9_elar_1.10B_2023_q30
[143/652] g9_elar_1.2B_2022_q26
[144/652] g9_elar_1.4F_2022_q31
[145/652] g9_elar_1.5D_2022_q28
[146/652] g9_elar_1.7D_2022_q27
[147/652] g9_elar_1.8A_2022_q29
[148/652] g9_elar_1.8A_2022_q30
[149/652] g9_elar_1.4H_2022_q32
[150/652] g9_elar_1.4H_2022_q33
[151/652] g9_elar_1.4H_2022_q34
[152/652] g9_elar_1.4H_2022_q35
[153/652] g9_elar_1.2B_2022_q36
[154/652] g9_elar_1.4G_2022_q37
[155/652] g9_elar_1.5C_2022_q38
[156/652] g9_elar_1.5D_2022_q44
[157/652] g9_elar_1.7D_2022_q40
[158/652] g9_elar_1.7D_2022_q39
[159/652] g9_elar_1.8A_2022_q42
[160/652] g9_elar_1.8A_2022_q43
[161/652] g9_elar_1.8B_2022_q41
[162/652] g9_elar_1.2B_2021_q46
[163/652] g9_elar_1.4F_2021_q51
[164/652] g9_elar_1.5D_2021_q49
[165/652] g9_elar_1.7D_2021_q47
[166/652] g9_elar_1.7D_2021_q52
[167/652] g9_elar_1.7D_2021_q50
[168/652] g9_elar_1.8A_2021_q48
[169/652] g9_elar_1.5C_2019_q24
[170/652] g9_elar_1.7D_2019_q20
[171/652] g9_elar_1.7D_2019_q23
[172/652] g9_elar_1.7D_2019_q25
[173/652] g9_elar_1.8A_2019_q19
[174/652] g9_elar_1.8A_2019_q22
[175/652] g9_elar_1.4F_2019_q33
[176/652] g9_elar_1.4F_2019_q34
[177/652] g9_elar_1.4F_2019_q35
[178/652] g9_elar_1.4F_2019_q36
[179/652] g9_elar_1.4F_2019_q37
[180/652] g9_elar_1.5C_2018_q40
[181/652] g9_elar_1.5C_2018_q45
[182/652] g9_elar_1.7D_2018_q41
[183/652] g9_elar_1.7D_2018_q42
[184/652] g9_elar_1.7D_2018_q43
[185/652] g9_elar_1.8A_2018_q39
[186/652] g9_elar_1.8A_2018_q44
[187/652] g9_elar_1.2B_2017_q26
[188/652] g9_elar_1.5C_2017_q32
[189/652] g9_elar_1.7D_2017_q27
[190/652] g9_elar_1.7D_2017_q28
[191/652] g9_elar_1.7D_2017_q29
[192/652] g9_elar_1.7D_2017_q30
[193/652] g9_elar_1.7D_2017_q31
[194/652] g9_elar_1.7D_2017_q33
[195/652] g9_elar_1.4F_2017_q34
[196/652] g9_elar_1.4F_2017_q35
[197/652] g9_elar_1.4F_2017_q36
[198/652] g9_elar_1.4F_2017_q37
[199/652] g9_elar_1.4F_2017_q38
[200/652] g9_elar_1.2A_2016_q23
[201/652] g9_elar_1.7D_2016_q24
[202/652] g9_elar_1.7D_2016_q25
[203/652] g9_elar_1.5C_2016_q29
[204/652] g9_elar_1.5D_2016_q26
[205/652] g9_elar_1.8A_2016_q27
[206/652] g9_elar_1.8A_2016_q28
[207/652] g9_elar_1.4F_2016_q35
[208/652] g9_elar_1.4F_2016_q36
[209/652] g9_elar_1.4F_2016_q37
[210/652] g9_elar_1.4F_2016_q38
[211/652] g9_elar_1.2B_2015_q39
[212/652] g9_elar_1.7D_2015_q40
[213/652] g9_elar_1.7D_2015_q41
[214/652] g9_elar_1.5D_2015_q43
[215/652] g9_elar_1.8A_2015_q38
[216/652] g9_elar_1.7D_2015_q42
[217/652] g9_elar_1.7D_2014_q31
[218/652] g9_elar_1.7D_2014_q32
[219/652] g9_elar_1.5C_2014_q33
[220/652] g9_elar_1.8A_2014_q29
[221/652] g9_elar_1.7D_2014_q30
[222/652] g9_elar_1.4F_2014_q34
[223/652] g9_elar_1.4F_2014_q35
[224/652] g9_elar_1.4F_2014_q36
[225/652] g9_elar_1.4F_2014_q37
[226/652] g9_elar_1.8A_2014_q48
[227/652] g9_elar_1.7D_2013_q2
[228/652] g9_elar_1.7D_2013_q3
[229/652] g9_elar_1.7D_2013_q4
[230/652] g9_elar_1.7D_2013_q5
[231/652] g9_elar_1.5D_2013_q6
[232/652] g9_elar_1.8A_2013_q1
[233/652] g9_elar_1.8C_2013_q7
[234/652] g9_elar_1.2B_2013_q14
[235/652] g9_elar_1.7D_2013_q15
[236/652] g9_elar_1.7D_2013_q16
[237/652] g9_elar_1.7D_2013_q19
[238/652] g9_elar_1.7D_2013_q20
[239/652] g9_elar_1.8A_2013_q17
[240/652] g9_elar_1.8A_2013_q18
[241/652] g9_elar_1.2B_2023_q15
[242/652] g9_elar_1.4F_2023_q14
[243/652] g9_elar_1.7B_2023_q16
[244/652] g9_elar_1.8D_2023_q13
[245/652] g9_elar_1.4H_2023_q17
[246/652] g9_elar_1.4H_2023_q18
[247/652] g9_elar_1.4H_2023_q19
[248/652] g9_elar_1.4H_2023_q20
[249/652] g9_elar_1.2C_2022_q45
[250/652] g9_elar_1.4F_2022_q53
[251/652] g9_elar_1.5C_2022_q50
[252/652] g9_elar_1.6A_2022_q48
[253/652] g9_elar_1.6D_2022_q52
[254/652] g9_elar_1.7B_2022_q47
[255/652] g9_elar_1.7B_2022_q49
[256/652] g9_elar_1.8D_2022_q46
[257/652] g9_elar_1.8F_2022_q51
[258/652] g9_elar_1.2B_2021_q27
[259/652] g9_elar_1.4F_2021_q26
[260/652] g9_elar_1.4F_2021_q29
[261/652] g9_elar_1.4F_2021_q30
[262/652] g9_elar_1.4F_2021_q31
[263/652] g9_elar_1.4F_2021_q32
[264/652] g9_elar_1.8D_2021_q25
[265/652] g9_elar_1.8D_2021_q28
[266/652] g9_elar_1.4F_2021_q33
[267/652] g9_elar_1.4F_2021_q34
[268/652] g9_elar_1.4F_2021_q35
[269/652] g9_elar_1.4F_2021_q36
[270/652] g9_elar_1.4F_2021_q37
[271/652] g9_elar_1.2B_2019_q46
[272/652] g9_elar_1.5C_2019_q47
[273/652] g9_elar_1.5C_2019_q48
[274/652] g9_elar_1.5C_2019_q49
[275/652] g9_elar_1.5C_2019_q50
[276/652] g9_elar_1.5C_2019_q51
[277/652] g9_elar_1.5C_2019_q52
[278/652] g9_elar_1.2B_2013_q22
[279/652] g9_elar_1.5C_2013_q23
[280/652] g9_elar_1.5C_2013_q25
[281/652] g9_elar_1.5C_2013_q26
[282/652] g9_elar_1.5C_2013_q27
[283/652] g9_elar_1.8F_2013_q24
[284/652] g9_elar_1.4F_2013_q34
[285/652] g9_elar_1.4F_2013_q35
[286/652] g9_elar_1.4F_2013_q36
[287/652] g9_elar_1.4F_2013_q37
[288/652] g9_elar_1.4F_2013_q38
[289/652] g9_elar_1.2B_2014_q39
[290/652] g9_elar_1.5C_2014_q38
[291/652] g9_elar_1.5C_2014_q43
[292/652] g9_elar_1.7C_2014_q40
[293/652] g9_elar_1.7C_2014_q41
[294/652] g9_elar_1.7C_2014_q42
[295/652] g9_elar_1.7C_2014_q44
[296/652] g9_elar_1.2B_2018_q29
[297/652] g9_elar_1.5C_2018_q27
[298/652] g9_elar_1.5C_2018_q28
[299/652] g9_elar_1.5C_2018_q31
[300/652] g9_elar_1.5C_2018_q32
[301/652] g9_elar_1.5C_2018_q33
[302/652] g9_elar_1.8E_2018_q30
[303/652] g9_elar_1.4F_2018_q34
[304/652] g9_elar_1.4F_2018_q35
[305/652] g9_elar_1.4F_2018_q36
[306/652] g9_elar_1.4F_2018_q37
[307/652] g9_elar_1.4F_2018_q38
[308/652] g9_elar_1.2B_2017_q24
[309/652] g9_elar_1.5C_2017_q21
[310/652] g9_elar_1.5C_2017_q22
[311/652] g9_elar_1.5C_2017_q23
[312/652] g9_elar_1.4F_2017_q34
[313/652] g9_elar_1.4F_2017_q35
[314/652] g9_elar_1.4F_2017_q36
[315/652] g9_elar_1.4F_2017_q37
[316/652] g9_elar_1.4F_2017_q38
[317/652] g9_elar_1.2B_2016_q39
[318/652] g9_elar_1.5C_2016_q41
[319/652] g9_elar_1.5C_2016_q43
[320/652] g9_elar_1.2B_2015_q32
[321/652] g9_elar_1.5C_2015_q28
[322/652] g9_elar_1.4F_2015_q34
[323/652] g9_elar_1.4F_2015_q35
[324/652] g9_elar_1.4F_2015_q36
[325/652] g9_elar_1.4F_2015_q37
[326/652] g9_elar_1.2B_2025_q1
[327/652] g9_elar_1.4F_2025_q2
[328/652] g9_elar_1.4G_2025_q4
[329/652] g9_elar_1.7E_2025_q3
[330/652] g9_elar_1.7E_2025_q8
[331/652] g9_elar_1.7E_2025_q5
[332/652] g9_elar_1.8B_2025_q6
[333/652] g9_elar_1.8D_2025_q7
[334/652] g9_elar_1.8G_2025_q9
[335/652] g9_elar_1.2B_2024_q4
[336/652] g9_elar_1.4F_2024_q8
[337/652] g9_elar_1.4G_2024_q1
[338/652] g9_elar_1.5D_2024_q9
[339/652] g9_elar_1.7E_2024_q3
[340/652] g9_elar_1.7E_2024_q7
[341/652] g9_elar_1.7E_2024_q5
[342/652] g9_elar_1.8F_2024_q2
[343/652] g9_elar_1.8G_2024_q6
[344/652] g9_elar_1.2A_2022_q23
[345/652] g9_elar_1.4F_2022_q20
[346/652] g9_elar_1.4F_2022_q21
[347/652] g9_elar_1.4F_2022_q25
[348/652] g9_elar_1.8D_2022_q22
[349/652] g9_elar_1.8D_2022_q24
[350/652] g9_elar_1.4H_2022_q32
[351/652] g9_elar_1.4H_2022_q33
[352/652] g9_elar_1.4H_2022_q34
[353/652] g9_elar_1.4H_2022_q35
[354/652] g9_elar_1.2B_2021_q38
[355/652] g9_elar_1.4F_2021_q40
[356/652] g9_elar_1.4F_2021_q41
[357/652] g9_elar_1.4F_2021_q43
[358/652] g9_elar_1.4F_2021_q44
[359/652] g9_elar_1.4F_2021_q45
[360/652] g9_elar_1.8A_2021_q39
[361/652] g9_elar_1.8A_2021_q42
[362/652] g9_elar_1.2A_2019_q28
[363/652] g9_elar_1.5C_2019_q27
[364/652] g9_elar_1.5C_2019_q29
[365/652] g9_elar_1.5C_2019_q31
[366/652] g9_elar_1.8A_2019_q26
[367/652] g9_elar_1.8A_2019_q30
[368/652] g9_elar_1.8A_2019_q32
[369/652] g9_elar_1.4F_2019_q33
[370/652] g9_elar_1.4F_2019_q34
[371/652] g9_elar_1.4F_2019_q35
[372/652] g9_elar_1.4F_2019_q36
[373/652] g9_elar_1.4F_2019_q37
[374/652] g9_elar_1.2B_2018_q46
[375/652] g9_elar_1.5C_2018_q52
[376/652] g9_elar_1.8A_2018_q47
[377/652] g9_elar_1.8A_2018_q50
[378/652] g9_elar_1.2B_2017_q39
[379/652] g9_elar_1.5C_2017_q41
[380/652] g9_elar_1.5C_2017_q42
[381/652] g9_elar_1.5C_2017_q44
[382/652] g9_elar_1.8A_2017_q43
[383/652] g9_elar_1.5C_2016_q32
[384/652] g9_elar_1.5C_2016_q34
[385/652] g9_elar_1.8A_2016_q30
[386/652] g9_elar_1.4F_2016_q35
[387/652] g9_elar_1.4F_2016_q36
[388/652] g9_elar_1.4F_2016_q37
[389/652] g9_elar_1.4F_2016_q38
[390/652] g9_elar_1.5C_2015_q27
[391/652] g9_elar_1.4F_2015_q34
[392/652] g9_elar_1.4F_2015_q35
[393/652] g9_elar_1.4F_2015_q36
[394/652] g9_elar_1.4F_2015_q37
[395/652] g9_elar_1.5C_2014_q45
[396/652] g9_elar_1.5C_2014_q46
[397/652] g9_elar_1.5C_2014_q50
[398/652] g9_elar_1.5B_2024_q30
[399/652] g9_elar_1.10B_2025_q30
[400/652] g9_elar_1.10B_2023_q30
[401/652] g9_elar_1.10B_2022_q19
[402/652] g9_elar_1.9B_2025_q32
[403/652] g9_elar_1.9B_2025_q35
[404/652] g9_elar_1.9B_2025_q36
[405/652] g9_elar_1.9C_2025_q31
[406/652] g9_elar_1.9C_2025_q33
[407/652] g9_elar_1.9C_2025_q34
[408/652] g9_elar_1.9B_2025_q41
[409/652] g9_elar_1.9B_2025_q39
[410/652] g9_elar_1.9C_2025_q37
[411/652] g9_elar_1.9C_2025_q38
[412/652] g9_elar_1.9C_2025_q40
[413/652] g9_elar_1.9C_2025_q42
[414/652] g9_elar_1.9B_2024_q31
[415/652] g9_elar_1.9B_2024_q33
[416/652] g9_elar_1.9B_2024_q34
[417/652] g9_elar_1.9C_2024_q32
[418/652] g9_elar_1.9C_2024_q35
[419/652] g9_elar_1.9C_2024_q36
[420/652] g9_elar_1.9B_2024_q38
[421/652] g9_elar_1.9B_2024_q42
[422/652] g9_elar_1.9C_2024_q37
[423/652] g9_elar_1.9C_2024_q39
[424/652] g9_elar_1.9C_2024_q40
[425/652] g9_elar_1.9C_2024_q41
[426/652] g9_elar_1.9B_2023_q36
[427/652] g9_elar_1.9C_2023_q31
[428/652] g9_elar_1.9C_2023_q32
[429/652] g9_elar_1.9C_2023_q33
[430/652] g9_elar_1.9C_2023_q34
[431/652] g9_elar_1.9C_2023_q35
[432/652] g9_elar_1.9B_2023_q39
[433/652] g9_elar_1.9B_2023_q41
[434/652] g9_elar_1.9B_2023_q42
[435/652] g9_elar_1.9B_2023_q37
[436/652] g9_elar_1.9B_2023_q40
[437/652] g9_elar_1.9C_2023_q38
[438/652] g9_elar_1.9B_2022_q3
[439/652] g9_elar_1.9B_2022_q5
[440/652] g9_elar_1.9B_2022_q1
[441/652] g9_elar_1.9C_2022_q2
[442/652] g9_elar_1.9C_2022_q4
[443/652] g9_elar_1.9B_2022_q8
[444/652] g9_elar_1.9C_2022_q6
[445/652] g9_elar_1.9C_2022_q7
[446/652] g9_elar_1.9C_2022_q9
[447/652] g9_elar_1.9B_2021_q3
[448/652] g9_elar_1.9B_2021_q5
[449/652] g9_elar_1.9C_2021_q1
[450/652] g9_elar_1.9C_2021_q2
[451/652] g9_elar_1.9C_2021_q4
[452/652] g9_elar_1.9B_2021_q6
[453/652] g9_elar_1.9B_2021_q7
[454/652] g9_elar_1.9B_2021_q9
[455/652] g9_elar_1.9C_2021_q8
[456/652] g9_elar_1.13C_2019_q1
[457/652] g9_elar_1.9C_2019_q2
[458/652] g9_elar_1.9C_2019_q3
[459/652] g9_elar_1.13C_2019_q4
[460/652] g9_elar_1.9C_2019_q5
[461/652] g9_elar_1.9B_2019_q8
[462/652] g9_elar_1.9B_2019_q9
[463/652] g9_elar_1.13C_2019_q6
[464/652] g9_elar_1.13C_2019_q7
[465/652] g9_elar_1.9B_2018_q4
[466/652] g9_elar_1.9B_2018_q5
[467/652] g9_elar_1.13C_2018_q1
[468/652] g9_elar_1.13C_2018_q2
[469/652] g9_elar_1.13C_2018_q3
[470/652] g9_elar_1.9C_2018_q6
[471/652] g9_elar_1.13C_2018_q7
[472/652] g9_elar_1.13C_2018_q8
[473/652] g9_elar_1.9C_2018_q9
[474/652] g9_elar_1.9B_2017_q4
[475/652] g9_elar_1.9C_2017_q1
[476/652] g9_elar_1.13C_2017_q2
[477/652] g9_elar_1.13C_2017_q3
[478/652] g9_elar_1.13C_2017_q5
[479/652] g9_elar_1.9C_2017_q6
[480/652] g9_elar_1.13C_2017_q7
[481/652] g9_elar_1.9C_2017_q8
[482/652] g9_elar_1.13C_2017_q9
[483/652] g9_elar_1.9C_2016_q1
[484/652] g9_elar_1.9C_2016_q2
[485/652] g9_elar_1.13C_2016_q3
[486/652] g9_elar_1.13C_2016_q4
[487/652] g9_elar_1.13C_2016_q5
[488/652] g9_elar_1.13C_2016_q6
[489/652] g9_elar_1.9B_2016_q11
[490/652] g9_elar_1.9B_2016_q10
[491/652] g9_elar_1.13C_2016_q7
[492/652] g9_elar_1.9C_2016_q8
[493/652] g9_elar_1.9C_2016_q9
[494/652] g9_elar_1.13C_2015_q1
[495/652] g9_elar_1.13C_2015_q2
[496/652] g9_elar_1.9C_2015_q3
[497/652] g9_elar_1.13C_2015_q4
[498/652] g9_elar_1.9C_2015_q5
[499/652] g9_elar_1.9C_2015_q6
[500/652] g9_elar_1.9C_2015_q7
[501/652] g9_elar_1.9C_2015_q8
[502/652] g9_elar_1.9C_2015_q9
[503/652] g9_elar_1.13C_2015_q10
[504/652] g9_elar_1.13C_2015_q11
[505/652] g9_elar_1.9B_2014_q6
[506/652] g9_elar_1.9C_2014_q1
[507/652] g9_elar_1.13C_2014_q2
[508/652] g9_elar_1.13C_2014_q3
[509/652] g9_elar_1.13C_2014_q4
[510/652] g9_elar_1.13C_2014_q5
[511/652] g9_elar_1.9C_2014_q7
[512/652] g9_elar_1.9C_2014_q8
[513/652] g9_elar_1.9C_2014_q9
[514/652] g9_elar_1.13C_2014_q10
[515/652] g9_elar_1.9C_2014_q11
[516/652] g9_elar_1.9B_2013_q2
[517/652] g9_elar_1.13C_2013_q1
[518/652] g9_elar_1.9C_2013_q3
[519/652] g9_elar_1.13C_2013_q5
[520/652] g9_elar_1.13C_2013_q6
[521/652] g9_elar_1.9C_2013_q7
[522/652] g9_elar_1.13C_2013_q8
[523/652] g9_elar_1.13C_2013_q9
[524/652] g9_elar_1.9C_2013_q10
[525/652] g9_elar_1.9B_2013_q13
[526/652] g9_elar_1.9B_2013_q14
[527/652] g9_elar_1.13C_2013_q11
[528/652] g9_elar_1.13C_2013_q12
[529/652] g9_elar_1.9C_2013_q15
[530/652] g9_elar_1.9D_2025_q46
[531/652] g9_elar_1.9D_2025_q47
[532/652] g9_elar_1.9D_2025_q45
[533/652] g9_elar_1.9D_2025_q43
[534/652] g9_elar_1.9D_2025_q44
[535/652] g9_elar_1.9D_2025_q50
[536/652] g9_elar_1.9D_2025_q52
[537/652] g9_elar_1.9D_2025_q49
[538/652] g9_elar_1.9D_2025_q51
[539/652] g9_elar_1.9D_2025_q48
[540/652] g9_elar_1.9D_2024_q46
[541/652] g9_elar_1.9D_2024_q47
[542/652] g9_elar_1.9D_2024_q45
[543/652] g9_elar_1.9D_2024_q43
[544/652] g9_elar_1.9D_2024_q44
[545/652] g9_elar_1.9D_2024_q50
[546/652] g9_elar_1.9D_2024_q52
[547/652] g9_elar_1.9D_2024_q49
[548/652] g9_elar_1.9D_2024_q51
[549/652] g9_elar_1.9D_2024_q48
[550/652] g9_elar_1.9D_2023_q46
[551/652] g9_elar_1.9D_2023_q47
[552/652] g9_elar_1.9D_2023_q44
[553/652] g9_elar_1.9D_2023_q45
[554/652] g9_elar_1.9D_2023_q43
[555/652] g9_elar_1.9D_2023_q50
[556/652] g9_elar_1.9D_2023_q49
[557/652] g9_elar_1.9D_2023_q51
[558/652] g9_elar_1.9D_2023_q48
[559/652] g9_elar_1.9D_2023_q52
[560/652] g9_elar_1.9D_2022_q13
[561/652] g9_elar_1.9D_2022_q10
[562/652] g9_elar_1.9D_2022_q11
[563/652] g9_elar_1.9D_2022_q12
[564/652] g9_elar_1.9D_2022_q14
[565/652] g9_elar_1.9D_2022_q17
[566/652] g9_elar_1.9D_2022_q16
[567/652] g9_elar_1.9D_2022_q18
[568/652] g9_elar_1.9D_2022_q15
[569/652] g9_elar_1.9D_2021_q13
[570/652] g9_elar_1.9D_2021_q12
[571/652] g9_elar_1.9D_2021_q11
[572/652] g9_elar_1.9D_2021_q10
[573/652] g9_elar_1.9D_2021_q14
[574/652] g9_elar_1.9D_2021_q15
[575/652] g9_elar_1.9D_2021_q16
[576/652] g9_elar_1.9D_2021_q17
[577/652] g9_elar_1.9D_2021_q18
[578/652] g9_elar_1.9D_2019_q11
[579/652] g9_elar_1.9D_2019_q13
[580/652] g9_elar_1.9D_2019_q12
[581/652] g9_elar_1.9D_2019_q10
[582/652] g9_elar_1.9D_2019_q18
[583/652] g9_elar_1.9D_2019_q14
[584/652] g9_elar_1.9D_2019_q15
[585/652] g9_elar_1.9D_2019_q16
[586/652] g9_elar_1.9D_2019_q17
[587/652] g9_elar_1.9D_2018_q12
[588/652] g9_elar_1.9D_2018_q10
[589/652] g9_elar_1.9D_2018_q13
[590/652] g9_elar_1.9D_2018_q11
[591/652] g9_elar_1.9D_2018_q17
[592/652] g9_elar_1.9D_2018_q16
[593/652] g9_elar_1.9D_2018_q15
[594/652] g9_elar_1.9D_2018_q18
[595/652] g9_elar_1.9D_2018_q14
[596/652] g9_elar_1.9D_2017_q10
[597/652] g9_elar_1.9D_2017_q12
[598/652] g9_elar_1.9D_2017_q13
[599/652] g9_elar_1.9D_2017_q11
[600/652] g9_elar_1.9D_2017_q14
[601/652] g9_elar_1.9D_2017_q18
[602/652] g9_elar_1.9D_2017_q15
[603/652] g9_elar_1.9D_2017_q17
[604/652] g9_elar_1.9D_2017_q16
[605/652] g9_elar_1.9D_2016_q16
[606/652] g9_elar_1.9D_2016_q14
[607/652] g9_elar_1.9D_2016_q13
[608/652] g9_elar_1.9D_2016_q12
[609/652] g9_elar_1.9D_2016_q15
[610/652] g9_elar_1.9D_2016_q21
[611/652] g9_elar_1.9D_2016_q18
[612/652] g9_elar_1.9D_2016_q19
[613/652] g9_elar_1.9D_2016_q17
[614/652] g9_elar_1.9D_2016_q20
[615/652] g9_elar_1.9D_2016_q22
[616/652] g9_elar_1.9D_2015_q12
[617/652] g9_elar_1.9D_2015_q14
[618/652] g9_elar_1.9D_2015_q16
[619/652] g9_elar_1.9D_2015_q15
[620/652] g9_elar_1.9D_2015_q13
[621/652] g9_elar_1.9D_2015_q18
[622/652] g9_elar_1.9D_2015_q19
[623/652] g9_elar_1.9D_2015_q20
[624/652] g9_elar_1.9D_2015_q17
[625/652] g9_elar_1.9D_2015_q21
[626/652] g9_elar_1.9D_2015_q22
[627/652] g9_elar_1.9D_2014_q14
[628/652] g9_elar_1.9D_2014_q15
[629/652] g9_elar_1.9D_2014_q12
[630/652] g9_elar_1.9D_2014_q13
[631/652] g9_elar_1.9D_2014_q16
[632/652] g9_elar_1.9D_2014_q22
[633/652] g9_elar_1.9D_2014_q21
[634/652] g9_elar_1.9D_2014_q20
[635/652] g9_elar_1.9D_2014_q17
[636/652] g9_elar_1.9D_2014_q18
[637/652] g9_elar_1.9D_2014_q19
[638/652] g9_elar_1.9D_2013_q19
[639/652] g9_elar_1.9D_2013_q18
[640/652] g9_elar_1.9D_2013_q22
[641/652] g9_elar_1.9D_2013_q21
[642/652] g9_elar_1.9D_2013_q16
[643/652] g9_elar_1.9D_2013_q17
[644/652] g9_elar_1.9D_2013_q20
[645/652] g9_elar_1.9D_2013_q23
[646/652] g9_elar_1.9D_2013_q25
[647/652] g9_elar_1.9D_2013_q26
[648/652] g9_elar_1.9D_2013_q29
[649/652] g9_elar_1.9D_2013_q28
[650/652] g9_elar_1.9D_2013_q30
[651/652] g9_elar_1.9D_2013_q24
[652/652] g9_elar_1.9D_2013_q27
Skipped 48 duplicate items after first occurrence dedupe.
Wrote 604 items to C:\Users\Casa-Desktop\Downloads\staar_first3_demo\collections\grade-9\elar\data\staar_catalog.json
