[1/540] g8_social-studies_8.1B_2021_q17
[2/540] g8_social-studies_8.2A_2025_q1
[3/540] g8_social-studies_8.2A_2024_q33
[4/540] g8_social-studies_8.2A_2023_q6
[5/540] g8_social-studies_8.2A_2022_q19
[6/540] g8_social-studies_8.2A_2021_q37
[7/540] g8_social-studies_8.2A_2019_q7
[8/540] g8_social-studies_8.2A_2018_q6
[9/540] g8_social-studies_8.2A_2017_q44
[10/540] g8_social-studies_8.2A_2016_q31
[11/540] g8_social-studies_8.2A_2014_q44
[12/540] g8_social-studies_8.2B_2021_q24
[13/540] g8_social-studies_8.2B_2017_q9
[14/540] g8_social-studies_8.2B_2016_q17
[15/540] g8_social-studies_8.2B_2015_q27
[16/540] g8_social-studies_8.3A_2025_q12
[17/540] g8_social-studies_8.3A_2024_q18
[18/540] g8_social-studies_8.3A_2023_q25
[19/540] g8_social-studies_8.3A_2022_q26
[20/540] g8_social-studies_8.3A_2021_q3
[21/540] g8_social-studies_8.3A_2019_q9
[22/540] g8_social-studies_8.3A_2018_q14
[23/540] g8_social-studies_8.3A_2017_q31
[24/540] g8_social-studies_8.3A_2016_q15
[25/540] g8_social-studies_8.3A_2015_q21
[26/540] g8_social-studies_8.3A_2014_q27
[27/540] g8_social-studies_8.3A_2013_q47
[28/540] g8_social-studies_8.3B_2025_q4
[29/540] g8_social-studies_8.3B_2022_q21
[30/540] g8_social-studies_8.3B_2016_q50
[31/540] g8_social-studies_8.3B_2013_q42
[32/540] g8_social-studies_8.3C_2025_q18
[33/540] g8_social-studies_8.3C_2023_q15
[34/540] g8_social-studies_8.3C_2015_q52
[35/540] g8_social-studies_8.3C_2014_q31
[36/540] g8_social-studies_8.7D_2021_q19
[37/540] g8_social-studies_8.10A_2023_q12
[38/540] g8_social-studies_8.10B_2022_q32
[39/540] g8_social-studies_8.10B_2019_q2
[40/540] g8_social-studies_8.10B_2015_q44
[41/540] g8_social-studies_8.10B_2013_q7
[42/540] g8_social-studies_8.10C_2019_q18
[43/540] g8_social-studies_8.11A_2024_q21
[44/540] g8_social-studies_8.11A_2023_q10
[45/540] g8_social-studies_8.11A_2022_q6
[46/540] g8_social-studies_8.11A_2016_q33
[47/540] g8_social-studies_8.11A_2015_q5
[48/540] g8_social-studies_8.12A_2025_q10
[49/540] g8_social-studies_8.12A_2018_q22
[50/540] g8_social-studies_8.12B_2025_q33
[51/540] g8_social-studies_8.12B_2023_q5
[52/540] g8_social-studies_8.12B_2022_q25
[53/540] g8_social-studies_8.12B_2021_q39
[54/540] g8_social-studies_8.12B_2017_q22
[55/540] g8_social-studies_8.12B_2016_q23
[56/540] g8_social-studies_8.12B_2015_q11
[57/540] g8_social-studies_8.12C_2021_q14
[58/540] g8_social-studies_8.15E_2021_q29
[59/540] g8_social-studies_8.15E_2013_q45
[60/540] g8_social-studies_8.23A_2022_q43
[61/540] g8_social-studies_8.23A_2018_q19
[62/540] g8_social-studies_8.23A_2013_q18
[63/540] g8_social-studies_8.23C_2021_q36
[64/540] g8_social-studies_8.23C_2019_q37
[65/540] g8_social-studies_8.25A_2025_q24
[66/540] g8_social-studies_8.25A_2024_q26
[67/540] g8_social-studies_8.25A_2013_q16
[68/540] g8_social-studies_8.1A_2025_q2
[69/540] g8_social-studies_8.1A_2024_q2
[70/540] g8_social-studies_8.1A_2023_q19
[71/540] g8_social-studies_8.1A_2015_q31
[72/540] g8_social-studies_8.1A_2013_q2
[73/540] g8_social-studies_8.4A_2024_q37
[74/540] g8_social-studies_8.4A_2023_q7
[75/540] g8_social-studies_8.4A_2022_q4
[76/540] g8_social-studies_8.4A_2021_q38
[77/540] g8_social-studies_8.4A_2019_q24
[78/540] g8_social-studies_8.4A_2018_q5
[79/540] g8_social-studies_8.4A_2017_q2
[80/540] g8_social-studies_8.4A_2016_q27
[81/540] g8_social-studies_8.4A_2015_q8
[82/540] g8_social-studies_8.4A_2014_q8
[83/540] g8_social-studies_8.4A_2013_q12
[84/540] g8_social-studies_8.4B_2013_q25
[85/540] g8_social-studies_8.4C_2025_q9
[86/540] g8_social-studies_8.4C_2023_q35
[87/540] g8_social-studies_8.4C_2021_q12
[88/540] g8_social-studies_8.4C_2019_q35
[89/540] g8_social-studies_8.4C_2017_q20
[90/540] g8_social-studies_8.4C_2016_q6
[91/540] g8_social-studies_8.4C_2015_q40
[92/540] g8_social-studies_8.4C_2014_q11
[93/540] g8_social-studies_8.10C_2024_q22
[94/540] g8_social-studies_8.11A_2018_q8
[95/540] g8_social-studies_8.15C_2017_q35
[96/540] g8_social-studies_8.15C_2015_q49
[97/540] g8_social-studies_8.19A_2024_q20
[98/540] g8_social-studies_8.19A_2021_q31
[99/540] g8_social-studies_8.19A_2017_q1
[100/540] g8_social-studies_8.19A_2016_q30
[101/540] g8_social-studies_8.19A_2014_q22
[102/540] g8_social-studies_8.19A_2013_q36
[103/540] g8_social-studies_8.20A_2022_q23
[104/540] g8_social-studies_8.20A_2017_q14
[105/540] g8_social-studies_8.20B_2018_q39
[106/540] g8_social-studies_8.20B_2015_q37
[107/540] g8_social-studies_8.22B_2025_q25
[108/540] g8_social-studies_8.22B_2021_q21
[109/540] g8_social-studies_8.22B_2013_q37
[110/540] g8_social-studies_8.1B_2013_q34
[111/540] g8_social-studies_8.4D_2025_q27
[112/540] g8_social-studies_8.4D_2024_q30
[113/540] g8_social-studies_8.4D_2023_q4
[114/540] g8_social-studies_8.4D_2022_q12
[115/540] g8_social-studies_8.4D_2021_q33
[116/540] g8_social-studies_8.4D_2017_q32
[117/540] g8_social-studies_8.4D_2015_q18
[118/540] g8_social-studies_8.4D_2013_q3
[119/540] g8_social-studies_8.15A_2025_q13
[120/540] g8_social-studies_8.15A_2024_q34
[121/540] g8_social-studies_8.15A_2022_q11
[122/540] g8_social-studies_8.15A_2016_q25
[123/540] g8_social-studies_8.15A_2015_q14
[124/540] g8_social-studies_8.15A_2014_q16
[125/540] g8_social-studies_8.15B_2023_q13
[126/540] g8_social-studies_8.15B_2018_q4
[127/540] g8_social-studies_8.15B_2017_q38
[128/540] g8_social-studies_8.15B_2016_q19
[129/540] g8_social-studies_8.15B_2014_q46
[130/540] g8_social-studies_8.15C_2025_q26
[131/540] g8_social-studies_8.15C_2023_q8
[132/540] g8_social-studies_8.15C_2021_q18
[133/540] g8_social-studies_8.15C_2019_q30
[134/540] g8_social-studies_8.15C_2016_q47
[135/540] g8_social-studies_8.15C_2014_q18
[136/540] g8_social-studies_8.15D_2024_q29
[137/540] g8_social-studies_8.15D_2023_q27
[138/540] g8_social-studies_8.15D_2022_q2
[139/540] g8_social-studies_8.15D_2019_q10
[140/540] g8_social-studies_8.15D_2018_q35
[141/540] g8_social-studies_8.15D_2016_q24
[142/540] g8_social-studies_8.15D_2015_q28
[143/540] g8_social-studies_8.15D_2013_q51
[144/540] g8_social-studies_8.15D_2013_q48
[145/540] g8_social-studies_8.15D_2013_q26
[146/540] g8_social-studies_8.15D_2013_q9
[147/540] g8_social-studies_8.16A_2022_q22
[148/540] g8_social-studies_8.16A_2019_q11
[149/540] g8_social-studies_8.16A_2016_q32
[150/540] g8_social-studies_8.17A_2025_q37
[151/540] g8_social-studies_8.17A_2023_q24
[152/540] g8_social-studies_8.17A_2021_q32
[153/540] g8_social-studies_8.17A_2019_q6
[154/540] g8_social-studies_8.17A_2018_q30
[155/540] g8_social-studies_8.17A_2017_q21
[156/540] g8_social-studies_8.17A_2017_q10
[157/540] g8_social-studies_8.17A_2016_q41
[158/540] g8_social-studies_8.17A_2016_q4
[159/540] g8_social-studies_8.17A_2015_q43
[160/540] g8_social-studies_8.17A_2015_q39
[161/540] g8_social-studies_8.17A_2014_q48
[162/540] g8_social-studies_8.17A_2014_q5
[163/540] g8_social-studies_8.17A_2013_q43
[164/540] g8_social-studies_8.17A_2013_q24
[165/540] g8_social-studies_8.18A_2019_q13
[166/540] g8_social-studies_8.18A_2018_q27
[167/540] g8_social-studies_8.18A_2017_q33
[168/540] g8_social-studies_8.19B_2025_q17
[169/540] g8_social-studies_8.19B_2024_q9
[170/540] g8_social-studies_8.19B_2022_q7
[171/540] g8_social-studies_8.19B_2021_q43
[172/540] g8_social-studies_8.19B_2017_q4
[173/540] g8_social-studies_8.19B_2016_q22
[174/540] g8_social-studies_8.19B_2015_q46
[175/540] g8_social-studies_8.19B_2014_q34
[176/540] g8_social-studies_8.19B_2013_q15
[177/540] g8_social-studies_8.19C_2024_q17
[178/540] g8_social-studies_8.19C_2018_q33
[179/540] g8_social-studies_8.19C_2014_q33
[180/540] g8_social-studies_8.20A_2025_q21
[181/540] g8_social-studies_8.21B_2025_q20
[182/540] g8_social-studies_8.21B_2023_q38
[183/540] g8_social-studies_8.21B_2019_q34
[184/540] g8_social-studies_8.21C_2018_q31
[185/540] g8_social-studies_8.25A_2015_q16
[186/540] g8_social-studies_8.25C_2025_q3
[187/540] g8_social-studies_8.25C_2024_q11
[188/540] g8_social-studies_8.25C_2023_q1
[189/540] g8_social-studies_8.25C_2022_q14
[190/540] g8_social-studies_8.25C_2021_q2
[191/540] g8_social-studies_8.25C_2019_q27
[192/540] g8_social-studies_8.25C_2018_q42
[193/540] g8_social-studies_8.25C_2017_q17
[194/540] g8_social-studies_8.25C_2016_q45
[195/540] g8_social-studies_8.25C_2015_q2
[196/540] g8_social-studies_8.25C_2014_q36
[197/540] g8_social-studies_8.25C_2013_q32
[198/540] g8_social-studies_8.1A_2013_q46
[199/540] g8_social-studies_8.1B_2024_q24
[200/540] g8_social-studies_8.5A_2025_q40
[201/540] g8_social-studies_8.5A_2021_q15
[202/540] g8_social-studies_8.5A_2018_q29
[203/540] g8_social-studies_8.5A_2017_q7
[204/540] g8_social-studies_8.5A_2016_q49
[205/540] g8_social-studies_8.5A_2015_q15
[206/540] g8_social-studies_8.5A_2014_q51
[207/540] g8_social-studies_8.5A_2013_q6
[208/540] g8_social-studies_8.5C_2024_q25
[209/540] g8_social-studies_8.5D_2024_q14
[210/540] g8_social-studies_8.5D_2021_q9
[211/540] g8_social-studies_8.5D_2019_q33
[212/540] g8_social-studies_8.5D_2017_q24
[213/540] g8_social-studies_8.5D_2016_q37
[214/540] g8_social-studies_8.5D_2015_q3
[215/540] g8_social-studies_8.5D_2014_q42
[216/540] g8_social-studies_8.5D_2013_q44
[217/540] g8_social-studies_8.5E_2022_q27
[218/540] g8_social-studies_8.5E_2018_q15
[219/540] g8_social-studies_8.5E_2013_q41
[220/540] g8_social-studies_8.5F_2024_q15
[221/540] g8_social-studies_8.5F_2022_q18
[222/540] g8_social-studies_8.5F_2019_q32
[223/540] g8_social-studies_8.5F_2018_q1
[224/540] g8_social-studies_8.5F_2017_q25
[225/540] g8_social-studies_8.5F_2016_q44
[226/540] g8_social-studies_8.5F_2015_q32
[227/540] g8_social-studies_8.5F_2014_q12
[228/540] g8_social-studies_8.6A_2025_q31
[229/540] g8_social-studies_8.6A_2024_q39
[230/540] g8_social-studies_8.6A_2022_q41
[231/540] g8_social-studies_8.6A_2019_q25
[232/540] g8_social-studies_8.6A_2018_q13
[233/540] g8_social-studies_8.6A_2017_q29
[234/540] g8_social-studies_8.6A_2016_q16
[235/540] g8_social-studies_8.6A_2014_q28
[236/540] g8_social-studies_8.6A_2013_q10
[237/540] g8_social-studies_8.11B_2015_q41
[238/540] g8_social-studies_8.12C_2019_q42
[239/540] g8_social-studies_8.13A_2022_q39
[240/540] g8_social-studies_8.13A_2016_q9
[241/540] g8_social-studies_8.13A_2015_q48
[242/540] g8_social-studies_8.13A_2014_q23
[243/540] g8_social-studies_8.14A_2024_q3
[244/540] g8_social-studies_8.14A_2023_q16
[245/540] g8_social-studies_8.14A_2022_q37
[246/540] g8_social-studies_8.14A_2019_q14
[247/540] g8_social-studies_8.14B_2023_q31
[248/540] g8_social-studies_8.14B_2019_q26
[249/540] g8_social-studies_8.18A_2024_q7
[250/540] g8_social-studies_8.18A_2021_q7
[251/540] g8_social-studies_8.18A_2016_q48
[252/540] g8_social-studies_8.18A_2015_q4
[253/540] g8_social-studies_8.18B_2023_q22
[254/540] g8_social-studies_8.18B_2022_q35
[255/540] g8_social-studies_8.18B_2013_q29
[256/540] g8_social-studies_8.20A_2019_q43
[257/540] g8_social-studies_8.22A_2023_q37
[258/540] g8_social-studies_8.22A_2022_q40
[259/540] g8_social-studies_8.22A_2014_q15
[260/540] g8_social-studies_8.26B_2019_q17
[261/540] g8_social-studies_8.5C_2022_q29
[262/540] g8_social-studies_8.5D_2025_q28
[263/540] g8_social-studies_8.5D_2023_q2
[264/540] g8_social-studies_8.5D_2018_q7
[265/540] g8_social-studies_8.5G_2025_q11
[266/540] g8_social-studies_8.5G_2024_q4
[267/540] g8_social-studies_8.5G_2019_q38
[268/540] g8_social-studies_8.5G_2016_q29
[269/540] g8_social-studies_8.5G_2015_q35
[270/540] g8_social-studies_8.5H_2021_q26
[271/540] g8_social-studies_8.5H_2019_q19
[272/540] g8_social-studies_8.5H_2018_q20
[273/540] g8_social-studies_8.5H_2015_q1
[274/540] g8_social-studies_8.10A_2016_q7
[275/540] g8_social-studies_8.17B_2023_q23
[276/540] g8_social-studies_8.17B_2019_q28
[277/540] g8_social-studies_8.17B_2018_q21
[278/540] g8_social-studies_8.17B_2017_q11
[279/540] g8_social-studies_8.17B_2016_q35
[280/540] g8_social-studies_8.17B_2014_q9
[281/540] g8_social-studies_8.17B_2013_q17
[282/540] g8_social-studies_8.23C_2014_q13
[283/540] g8_social-studies_8.23C_2013_q14
[284/540] g8_social-studies_8.6B_2025_q19
[285/540] g8_social-studies_8.6B_2024_q36
[286/540] g8_social-studies_8.6B_2023_q21
[287/540] g8_social-studies_8.6B_2022_q1
[288/540] g8_social-studies_8.6B_2021_q11
[289/540] g8_social-studies_8.6B_2018_q37
[290/540] g8_social-studies_8.6B_2017_q23
[291/540] g8_social-studies_8.6B_2016_q51
[292/540] g8_social-studies_8.6B_2016_q12
[293/540] g8_social-studies_8.6B_2015_q45
[294/540] g8_social-studies_8.6B_2015_q22
[295/540] g8_social-studies_8.6B_2014_q47
[296/540] g8_social-studies_8.6B_2014_q2
[297/540] g8_social-studies_8.6B_2013_q5
[298/540] g8_social-studies_8.6C_2025_q6
[299/540] g8_social-studies_8.6C_2024_q23
[300/540] g8_social-studies_8.6C_2023_q30
[301/540] g8_social-studies_8.6C_2022_q24
[302/540] g8_social-studies_8.6C_2019_q31
[303/540] g8_social-studies_8.6C_2018_q9
[304/540] g8_social-studies_8.6C_2017_q27
[305/540] g8_social-studies_8.6C_2016_q18
[306/540] g8_social-studies_8.6C_2015_q19
[307/540] g8_social-studies_8.6C_2014_q32
[308/540] g8_social-studies_8.6C_2013_q20
[309/540] g8_social-studies_8.10A_2018_q2
[310/540] g8_social-studies_8.10B_2021_q16
[311/540] g8_social-studies_8.10B_2018_q41
[312/540] g8_social-studies_8.10B_2016_q5
[313/540] g8_social-studies_8.10B_2014_q4
[314/540] g8_social-studies_8.10B_2013_q1
[315/540] g8_social-studies_8.10C_2021_q27
[316/540] g8_social-studies_8.10C_2015_q30
[317/540] g8_social-studies_8.11A_2021_q8
[318/540] g8_social-studies_8.11A_2019_q40
[319/540] g8_social-studies_8.11A_2014_q6
[320/540] g8_social-studies_8.11B_2021_q1
[321/540] g8_social-studies_8.11B_2014_q45
[322/540] g8_social-studies_8.12A_2023_q36
[323/540] g8_social-studies_8.12A_2017_q43
[324/540] g8_social-studies_8.23A_2021_q20
[325/540] g8_social-studies_8.23C_2017_q37
[326/540] g8_social-studies_8.23D_2025_q32
[327/540] g8_social-studies_8.23D_2017_q42
[328/540] g8_social-studies_8.26A_2019_q44
[329/540] g8_social-studies_8.10B_2024_q16
[330/540] g8_social-studies_8.10B_2017_q3
[331/540] g8_social-studies_8.10C_2023_q34
[332/540] g8_social-studies_8.10C_2018_q16
[333/540] g8_social-studies_8.10C_2017_q5
[334/540] g8_social-studies_8.11A_2025_q5
[335/540] g8_social-studies_8.11B_2016_q42
[336/540] g8_social-studies_8.12B_2024_q40
[337/540] g8_social-studies_8.12B_2019_q22
[338/540] g8_social-studies_8.12B_2018_q12
[339/540] g8_social-studies_8.12B_2014_q38
[340/540] g8_social-studies_8.12B_2013_q50
[341/540] g8_social-studies_8.12C_2016_q39
[342/540] g8_social-studies_8.13B_2025_q29
[343/540] g8_social-studies_8.13B_2024_q28
[344/540] g8_social-studies_8.13B_2023_q11
[345/540] g8_social-studies_8.13B_2022_q30
[346/540] g8_social-studies_8.13B_2021_q28
[347/540] g8_social-studies_8.13B_2019_q36
[348/540] g8_social-studies_8.13B_2018_q43
[349/540] g8_social-studies_8.13B_2017_q19
[350/540] g8_social-studies_8.13B_2016_q46
[351/540] g8_social-studies_8.13B_2015_q23
[352/540] g8_social-studies_8.13B_2013_q35
[353/540] g8_social-studies_8.14A_2013_q39
[354/540] g8_social-studies_8.14B_2025_q35
[355/540] g8_social-studies_8.14B_2021_q41
[356/540] g8_social-studies_8.14B_2018_q28
[357/540] g8_social-studies_8.14B_2014_q40
[358/540] g8_social-studies_8.21A_2024_q19
[359/540] g8_social-studies_8.23A_2025_q36
[360/540] g8_social-studies_8.23A_2024_q5
[361/540] g8_social-studies_8.23A_2023_q28
[362/540] g8_social-studies_8.23A_2018_q32
[363/540] g8_social-studies_8.23A_2017_q15
[364/540] g8_social-studies_8.23A_2016_q36
[365/540] g8_social-studies_8.23A_2016_q26
[366/540] g8_social-studies_8.23A_2015_q24
[367/540] g8_social-studies_8.23A_2014_q37
[368/540] g8_social-studies_8.23A_2013_q21
[369/540] g8_social-studies_8.23B_2022_q33
[370/540] g8_social-studies_8.23B_2019_q16
[371/540] g8_social-studies_8.23B_2017_q6
[372/540] g8_social-studies_8.23D_2014_q52
[373/540] g8_social-studies_8.23E_2013_q8
[374/540] g8_social-studies_8.27A_2024_q35
[375/540] g8_social-studies_8.27A_2022_q10
[376/540] g8_social-studies_8.27A_2021_q25
[377/540] g8_social-studies_8.27A_2019_q1
[378/540] g8_social-studies_8.27A_2017_q34
[379/540] g8_social-studies_8.27A_2016_q10
[380/540] g8_social-studies_8.27A_2015_q26
[381/540] g8_social-studies_8.27A_2015_q25
[382/540] g8_social-studies_8.27A_2014_q7
[383/540] g8_social-studies_8.27A_2013_q49
[384/540] g8_social-studies_8.27B_2017_q18
[385/540] g8_social-studies_8.27B_2014_q24
[386/540] g8_social-studies_8.27B_2013_q40
[387/540] g8_social-studies_8.27B_2013_q22
[388/540] g8_social-studies_8.27C_2025_q22
[389/540] g8_social-studies_8.27C_2022_q16
[390/540] g8_social-studies_8.27C_2019_q8
[391/540] g8_social-studies_8.27C_2018_q38
[392/540] g8_social-studies_8.27C_2018_q3
[393/540] g8_social-studies_8.27C_2015_q29
[394/540] g8_social-studies_8.27C_2014_q49
[395/540] g8_social-studies_8.27C_2013_q52
[396/540] g8_social-studies_8.28A_2021_q44
[397/540] g8_social-studies_8.28A_2016_q52
[398/540] g8_social-studies_8.28B_2024_q1
[399/540] g8_social-studies_8.28B_2023_q18
[400/540] g8_social-studies_8.28B_2021_q34
[401/540] g8_social-studies_8.28B_2017_q41
[402/540] g8_social-studies_8.28B_2016_q11
[403/540] g8_social-studies_8.28B_2015_q51
[404/540] g8_social-studies_8.28B_2014_q19
[405/540] g8_social-studies_8.28B_2013_q27
[406/540] g8_social-studies_8.1A_2019_q21
[407/540] g8_social-studies_8.1A_2014_q14
[408/540] g8_social-studies_8.10A_2013_q31
[409/540] g8_social-studies_8.20B_2023_q29
[410/540] g8_social-studies_8.22B_2018_q44
[411/540] g8_social-studies_8.23D_2022_q44
[412/540] g8_social-studies_8.23E_2023_q20
[413/540] g8_social-studies_8.23E_2022_q20
[414/540] g8_social-studies_8.23E_2018_q36
[415/540] g8_social-studies_8.24A_2025_q15
[416/540] g8_social-studies_8.24A_2024_q6
[417/540] g8_social-studies_8.24A_2023_q3
[418/540] g8_social-studies_8.24A_2022_q8
[419/540] g8_social-studies_8.24A_2021_q22
[420/540] g8_social-studies_8.24A_2018_q26
[421/540] g8_social-studies_8.24A_2016_q8
[422/540] g8_social-studies_8.24A_2015_q50
[423/540] g8_social-studies_8.24A_2015_q38
[424/540] g8_social-studies_8.24A_2014_q50
[425/540] g8_social-studies_8.24A_2013_q11
[426/540] g8_social-studies_8.24B_2023_q32
[427/540] g8_social-studies_8.24B_2021_q10
[428/540] g8_social-studies_8.24B_2019_q5
[429/540] g8_social-studies_8.24B_2016_q13
[430/540] g8_social-studies_8.24B_2014_q35
[431/540] g8_social-studies_8.24B_2013_q23
[432/540] g8_social-studies_8.25B_2019_q29
[433/540] g8_social-studies_8.25B_2015_q47
[434/540] g8_social-studies_8.26A_2025_q16
[435/540] g8_social-studies_8.26A_2021_q4
[436/540] g8_social-studies_8.26A_2018_q17
[437/540] g8_social-studies_8.26A_2016_q40
[438/540] g8_social-studies_8.26A_2015_q13
[439/540] g8_social-studies_8.26B_2024_q10
[440/540] g8_social-studies_8.26B_2023_q26
[441/540] g8_social-studies_8.26B_2015_q20
[442/540] g8_social-studies_8.26B_2013_q33
[443/540] g8_social-studies_8.1A_2021_q6
[444/540] g8_social-studies_8.7B_2023_q40
[445/540] g8_social-studies_8.7B_2022_q42
[446/540] g8_social-studies_8.7B_2016_q14
[447/540] g8_social-studies_8.7D_2025_q23
[448/540] g8_social-studies_8.7D_2019_q39
[449/540] g8_social-studies_8.7D_2018_q40
[450/540] g8_social-studies_8.7D_2017_q36
[451/540] g8_social-studies_8.7D_2015_q34
[452/540] g8_social-studies_8.7D_2014_q3
[453/540] g8_social-studies_8.7D_2013_q28
[454/540] g8_social-studies_8.7E_2024_q31
[455/540] g8_social-studies_8.7E_2023_q33
[456/540] g8_social-studies_8.8A_2022_q15
[457/540] g8_social-studies_8.8A_2015_q12
[458/540] g8_social-studies_8.8B_2023_q9
[459/540] g8_social-studies_8.8B_2022_q17
[460/540] g8_social-studies_8.8B_2019_q4
[461/540] g8_social-studies_8.8C_2023_q17
[462/540] g8_social-studies_8.8C_2022_q36
[463/540] g8_social-studies_8.8C_2021_q30
[464/540] g8_social-studies_8.8C_2018_q11
[465/540] g8_social-studies_8.8C_2017_q8
[466/540] g8_social-studies_8.8C_2015_q17
[467/540] g8_social-studies_8.8C_2014_q43
[468/540] g8_social-studies_8.8C_2013_q30
[469/540] g8_social-studies_8.8D_2024_q32
[470/540] g8_social-studies_8.8D_2023_q39
[471/540] g8_social-studies_8.8D_2021_q40
[472/540] g8_social-studies_8.8D_2014_q26
[473/540] g8_social-studies_8.8D_2013_q38
[474/540] g8_social-studies_8.10A_2024_q13
[475/540] g8_social-studies_8.10A_2017_q16
[476/540] g8_social-studies_8.10B_2025_q34
[477/540] g8_social-studies_8.10C_2022_q38
[478/540] g8_social-studies_8.10C_2016_q21
[479/540] g8_social-studies_8.10C_2014_q30
[480/540] g8_social-studies_8.11B_2017_q13
[481/540] g8_social-studies_8.12A_2016_q1
[482/540] g8_social-studies_8.12C_2025_q39
[483/540] g8_social-studies_8.12C_2022_q3
[484/540] g8_social-studies_8.12C_2018_q25
[485/540] g8_social-studies_8.12C_2017_q28
[486/540] g8_social-studies_8.12C_2015_q10
[487/540] g8_social-studies_8.12C_2014_q10
[488/540] g8_social-studies_8.17B_2022_q13
[489/540] g8_social-studies_8.17B_2021_q35
[490/540] g8_social-studies_8.17B_2015_q6
[491/540] g8_social-studies_8.18C_2025_q38
[492/540] g8_social-studies_8.18C_2024_q38
[493/540] g8_social-studies_8.18C_2015_q7
[494/540] g8_social-studies_8.21A_2021_q23
[495/540] g8_social-studies_8.21C_2022_q28
[496/540] g8_social-studies_8.21C_2016_q43
[497/540] g8_social-studies_8.22A_2019_q23
[498/540] g8_social-studies_8.22B_2015_q9
[499/540] g8_social-studies_8.23B_2014_q29
[500/540] g8_social-studies_8.23E_2016_q3
[501/540] g8_social-studies_8.1A_2022_q9
[502/540] g8_social-studies_8.1A_2018_q23
[503/540] g8_social-studies_8.1A_2016_q38
[504/540] g8_social-studies_8.8C_2025_q7
[505/540] g8_social-studies_8.8C_2016_q28
[506/540] g8_social-studies_8.9A_2025_q14
[507/540] g8_social-studies_8.9A_2024_q27
[508/540] g8_social-studies_8.9A_2021_q42
[509/540] g8_social-studies_8.9A_2018_q18
[510/540] g8_social-studies_8.9A_2017_q40
[511/540] g8_social-studies_8.9A_2014_q39
[512/540] g8_social-studies_8.9B_2022_q34
[513/540] g8_social-studies_8.9B_2019_q20
[514/540] g8_social-studies_8.9B_2014_q20
[515/540] g8_social-studies_8.9C_2024_q8
[516/540] g8_social-studies_8.9C_2023_q14
[517/540] g8_social-studies_8.9C_2021_q13
[518/540] g8_social-studies_8.9C_2019_q41
[519/540] g8_social-studies_8.9C_2018_q10
[520/540] g8_social-studies_8.9C_2017_q30
[521/540] g8_social-studies_8.9C_2016_q20
[522/540] g8_social-studies_8.9C_2015_q42
[523/540] g8_social-studies_8.9C_2014_q21
[524/540] g8_social-studies_8.9C_2013_q4
[525/540] g8_social-studies_8.16A_2015_q36
[526/540] g8_social-studies_8.16B_2025_q8
[527/540] g8_social-studies_8.16B_2025_q30
[528/540] g8_social-studies_8.16B_2024_q12
[529/540] g8_social-studies_8.16B_2022_q31
[530/540] g8_social-studies_8.16B_2021_q5
[531/540] g8_social-studies_8.16B_2019_q3
[532/540] g8_social-studies_8.16B_2018_q34
[533/540] g8_social-studies_8.16B_2017_q26
[534/540] g8_social-studies_8.16B_2016_q2
[535/540] g8_social-studies_8.16B_2015_q33
[536/540] g8_social-studies_8.16B_2014_q1
[537/540] g8_social-studies_8.16B_2013_q19
[538/540] g8_social-studies_8.16B_2013_q13
[539/540] g8_social-studies_8.26B_2022_q5
[540/540] g8_social-studies_8.26B_2014_q17
Wrote 540 items to C:\Users\Casa-Desktop\Downloads\staar_first3_demo\collections\grade-8\social-studies\data\staar_catalog.json
