[1/472] g9_math_A.2A_2025_q16
[2/472] g9_math_A.2A_2025_q37
[3/472] g9_math_A.2A_2024_q23
[4/472] g9_math_A.2A_2024_q49
[5/472] g9_math_A.2A_2023_q7
[6/472] g9_math_A.2A_2023_q46
[7/472] g9_math_A.2A_2022_q18
[8/472] g9_math_A.2A_2022_q53
[9/472] g9_math_A.2A_2021_q22
[10/472] g9_math_A.2A_2021_q33
[11/472] g9_math_A.2A_2019_q11
[12/472] g9_math_A.2A_2018_q13
[13/472] g9_math_A.2A_2018_q47
[14/472] g9_math_A.2A_2017_q5
[15/472] g9_math_A.2A_2017_q44
[16/472] g9_math_A.2A_2016_q30
[17/472] g9_math_A.2A_2016_q44
[18/472] g9_math_A.2B_2025_q8
[19/472] g9_math_A.2B_2022_q25
[20/472] g9_math_A.2B_2021_q6
[21/472] g9_math_A.2B_2019_q6
[22/472] g9_math_A.2B_2017_q23
[23/472] g9_math_A.2B_2016_q46
[24/472] g9_math_A.2C_2025_q6
[25/472] g9_math_A.2C_2025_q42
[26/472] g9_math_A.2C_2024_q14
[27/472] g9_math_A.2C_2024_q36
[28/472] g9_math_A.2C_2023_q1
[29/472] g9_math_A.2C_2023_q34
[30/472] g9_math_A.2C_2022_q15
[31/472] g9_math_A.2C_2022_q38
[32/472] g9_math_A.2C_2021_q2
[33/472] g9_math_A.2C_2021_q44
[34/472] g9_math_A.2C_2019_q23
[35/472] g9_math_A.2C_2019_q32
[36/472] g9_math_A.2C_2018_q1
[37/472] g9_math_A.2C_2018_q43
[38/472] g9_math_A.2C_2017_q33
[39/472] g9_math_A.2C_2017_q50
[40/472] g9_math_A.2C_2016_q5
[41/472] g9_math_A.2C_2016_q35
[42/472] g9_math_A.2D_2024_q3
[43/472] g9_math_A.2D_2022_q7
[44/472] g9_math_A.2D_2021_q42
[45/472] g9_math_A.2D_2019_q54
[46/472] g9_math_A.2D_2018_q10
[47/472] g9_math_A.2D_2017_q27
[48/472] g9_math_A.2D_2016_q42
[49/472] g9_math_A.2E_2025_q22
[50/472] g9_math_A.2E_2024_q28
[51/472] g9_math_A.2E_2023_q44
[52/472] g9_math_A.2E_2021_q19
[53/472] g9_math_A.2E_2019_q45
[54/472] g9_math_A.2F_2019_q10
[55/472] g9_math_A.2F_2018_q39
[56/472] g9_math_A.2G_2023_q21
[57/472] g9_math_A.2G_2022_q35
[58/472] g9_math_A.2G_2021_q39
[59/472] g9_math_A.2G_2018_q32
[60/472] g9_math_A.2G_2017_q36
[61/472] g9_math_A.3A_2025_q27
[62/472] g9_math_A.3A_2023_q28
[63/472] g9_math_A.3A_2022_q48
[64/472] g9_math_A.3A_2021_q17
[65/472] g9_math_A.3A_2019_q1
[66/472] g9_math_A.3A_2018_q51
[67/472] g9_math_A.3A_2017_q16
[68/472] g9_math_A.3A_2016_q51
[69/472] g9_math_A.3B_2025_q13
[70/472] g9_math_A.3B_2025_q50
[71/472] g9_math_A.3B_2024_q7
[72/472] g9_math_A.3B_2024_q30
[73/472] g9_math_A.3B_2023_q2
[74/472] g9_math_A.3B_2023_q50
[75/472] g9_math_A.3B_2022_q2
[76/472] g9_math_A.3B_2022_q19
[77/472] g9_math_A.3B_2022_q34
[78/472] g9_math_A.3B_2021_q3
[79/472] g9_math_A.3B_2021_q25
[80/472] g9_math_A.3B_2021_q36
[81/472] g9_math_A.3B_2019_q5
[82/472] g9_math_A.3B_2019_q20
[83/472] g9_math_A.3B_2019_q39
[84/472] g9_math_A.3B_2018_q21
[85/472] g9_math_A.3B_2018_q42
[86/472] g9_math_A.3B_2017_q26
[87/472] g9_math_A.3B_2017_q52
[88/472] g9_math_A.3B_2016_q1
[89/472] g9_math_A.3B_2016_q19
[90/472] g9_math_A.3B_2016_q38
[91/472] g9_math_A.3C_2025_q19
[92/472] g9_math_A.3C_2025_q35
[93/472] g9_math_A.3C_2024_q22
[94/472] g9_math_A.3C_2024_q50
[95/472] g9_math_A.3C_2023_q22
[96/472] g9_math_A.3C_2023_q48
[97/472] g9_math_A.3C_2022_q32
[98/472] g9_math_A.3C_2022_q54
[99/472] g9_math_A.3C_2021_q9
[100/472] g9_math_A.3C_2021_q41
[101/472] g9_math_A.3C_2021_q51
[102/472] g9_math_A.3C_2019_q7
[103/472] g9_math_A.3C_2019_q26
[104/472] g9_math_A.3C_2019_q35
[105/472] g9_math_A.3C_2018_q16
[106/472] g9_math_A.3C_2018_q27
[107/472] g9_math_A.3C_2018_q54
[108/472] g9_math_A.3C_2017_q12
[109/472] g9_math_A.3C_2017_q32
[110/472] g9_math_A.3C_2017_q42
[111/472] g9_math_A.3C_2016_q14
[112/472] g9_math_A.3C_2016_q23
[113/472] g9_math_A.3C_2016_q43
[114/472] g9_math_A.3E_2024_q38
[115/472] g9_math_A.3E_2023_q15
[116/472] g9_math_A.3E_2021_q20
[117/472] g9_math_A.3E_2019_q52
[118/472] g9_math_A.3E_2018_q35
[119/472] g9_math_A.3E_2017_q45
[120/472] g9_math_A.3E_2016_q11
[121/472] g9_math_A.4A_2025_q7
[122/472] g9_math_A.4A_2024_q10
[123/472] g9_math_A.4A_2023_q6
[124/472] g9_math_A.4A_2017_q19
[125/472] g9_math_A.4B_2024_q20
[126/472] g9_math_A.4B_2022_q11
[127/472] g9_math_A.4B_2021_q31
[128/472] g9_math_A.4B_2018_q25
[129/472] g9_math_A.4B_2017_q9
[130/472] g9_math_A.4C_2025_q25
[131/472] g9_math_A.4C_2023_q26
[132/472] g9_math_A.4C_2022_q29
[133/472] g9_math_A.4C_2019_q22
[134/472] g9_math_A.4C_2018_q12
[135/472] g9_math_A.4C_2016_q26
[136/472] g9_math_A.5A_2025_q29
[137/472] g9_math_A.5A_2025_q46
[138/472] g9_math_A.5A_2024_q24
[139/472] g9_math_A.5A_2024_q46
[140/472] g9_math_A.5A_2023_q4
[141/472] g9_math_A.5A_2023_q29
[142/472] g9_math_A.5A_2022_q42
[143/472] g9_math_A.5A_2022_q51
[144/472] g9_math_A.5A_2021_q10
[145/472] g9_math_A.5A_2021_q54
[146/472] g9_math_A.5A_2019_q3
[147/472] g9_math_A.5A_2019_q42
[148/472] g9_math_A.5A_2018_q8
[149/472] g9_math_A.5A_2018_q34
[150/472] g9_math_A.5A_2017_q11
[151/472] g9_math_A.5A_2017_q40
[152/472] g9_math_A.5A_2016_q8
[153/472] g9_math_A.5A_2016_q52
[154/472] g9_math_A.12A_2024_q44
[155/472] g9_math_A.12A_2019_q44
[156/472] g9_math_A.12A_2016_q36
[157/472] g9_math_A.12B_2023_q47
[158/472] g9_math_A.12B_2022_q31
[159/472] g9_math_A.12B_2016_q27
[160/472] g9_math_A.12C_2023_q31
[161/472] g9_math_A.12D_2024_q8
[162/472] g9_math_A.12D_2018_q9
[163/472] g9_math_A.12E_2025_q31
[164/472] g9_math_A.12E_2023_q45
[165/472] g9_math_A.12E_2016_q18
[166/472] g9_math_A.2H_2025_q14
[167/472] g9_math_A.2H_2023_q12
[168/472] g9_math_A.2H_2022_q28
[169/472] g9_math_A.2H_2021_q30
[170/472] g9_math_A.2H_2019_q15
[171/472] g9_math_A.2H_2017_q25
[172/472] g9_math_A.2H_2016_q3
[173/472] g9_math_A.2I_2025_q4
[174/472] g9_math_A.2I_2025_q34
[175/472] g9_math_A.2I_2024_q26
[176/472] g9_math_A.2I_2024_q39
[177/472] g9_math_A.2I_2023_q37
[178/472] g9_math_A.2I_2022_q3
[179/472] g9_math_A.2I_2022_q12
[180/472] g9_math_A.2I_2021_q15
[181/472] g9_math_A.2I_2021_q24
[182/472] g9_math_A.2I_2019_q30
[183/472] g9_math_A.2I_2019_q51
[184/472] g9_math_A.2I_2018_q24
[185/472] g9_math_A.2I_2018_q37
[186/472] g9_math_A.2I_2017_q2
[187/472] g9_math_A.2I_2017_q48
[188/472] g9_math_A.2I_2016_q13
[189/472] g9_math_A.2I_2016_q48
[190/472] g9_math_A.3D_2025_q10
[191/472] g9_math_A.3D_2024_q12
[192/472] g9_math_A.3D_2024_q41
[193/472] g9_math_A.3D_2023_q43
[194/472] g9_math_A.3D_2022_q8
[195/472] g9_math_A.3D_2022_q37
[196/472] g9_math_A.3D_2021_q5
[197/472] g9_math_A.3D_2021_q46
[198/472] g9_math_A.3D_2019_q17
[199/472] g9_math_A.3D_2019_q47
[200/472] g9_math_A.3D_2018_q19
[201/472] g9_math_A.3D_2018_q45
[202/472] g9_math_A.3D_2017_q3
[203/472] g9_math_A.3D_2017_q37
[204/472] g9_math_A.3D_2016_q7
[205/472] g9_math_A.3D_2016_q47
[206/472] g9_math_A.3F_2025_q45
[207/472] g9_math_A.3F_2024_q45
[208/472] g9_math_A.3F_2022_q45
[209/472] g9_math_A.3F_2019_q49
[210/472] g9_math_A.3F_2018_q3
[211/472] g9_math_A.3F_2017_q29
[212/472] g9_math_A.3F_2016_q32
[213/472] g9_math_A.3G_2024_q15
[214/472] g9_math_A.3G_2023_q30
[215/472] g9_math_A.3H_2025_q38
[216/472] g9_math_A.3H_2022_q39
[217/472] g9_math_A.3H_2021_q13
[218/472] g9_math_A.5B_2018_q30
[219/472] g9_math_A.5B_2016_q33
[220/472] g9_math_A.5C_2025_q11
[221/472] g9_math_A.5C_2025_q24
[222/472] g9_math_A.5C_2024_q13
[223/472] g9_math_A.5C_2024_q42
[224/472] g9_math_A.5C_2023_q23
[225/472] g9_math_A.5C_2023_q40
[226/472] g9_math_A.5C_2022_q5
[227/472] g9_math_A.5C_2022_q49
[228/472] g9_math_A.5C_2021_q50
[229/472] g9_math_A.5C_2019_q25
[230/472] g9_math_A.5C_2019_q37
[231/472] g9_math_A.5C_2018_q15
[232/472] g9_math_A.5C_2018_q52
[233/472] g9_math_A.5C_2017_q18
[234/472] g9_math_A.5C_2017_q54
[235/472] g9_math_A.5C_2016_q20
[236/472] g9_math_A.5C_2016_q39
[237/472] g9_math_A.10A_2024_q35
[238/472] g9_math_A.10A_2022_q23
[239/472] g9_math_A.10A_2019_q16
[240/472] g9_math_A.10A_2017_q13
[241/472] g9_math_A.10A_2016_q2
[242/472] g9_math_A.10B_2025_q23
[243/472] g9_math_A.10B_2023_q33
[244/472] g9_math_A.10B_2022_q10
[245/472] g9_math_A.10B_2021_q29
[246/472] g9_math_A.10B_2018_q36
[247/472] g9_math_A.10B_2016_q54
[248/472] g9_math_A.10C_2023_q16
[249/472] g9_math_A.10D_2025_q1
[250/472] g9_math_A.10D_2023_q39
[251/472] g9_math_A.10D_2021_q48
[252/472] g9_math_A.10D_2019_q36
[253/472] g9_math_A.10D_2018_q2
[254/472] g9_math_A.10D_2016_q15
[255/472] g9_math_A.10E_2025_q20
[256/472] g9_math_A.10E_2025_q44
[257/472] g9_math_A.10E_2024_q16
[258/472] g9_math_A.10E_2024_q37
[259/472] g9_math_A.10E_2023_q5
[260/472] g9_math_A.10E_2023_q24
[261/472] g9_math_A.10E_2022_q14
[262/472] g9_math_A.10E_2022_q33
[263/472] g9_math_A.10E_2022_q46
[264/472] g9_math_A.10E_2021_q18
[265/472] g9_math_A.10E_2021_q32
[266/472] g9_math_A.10E_2021_q45
[267/472] g9_math_A.10E_2019_q4
[268/472] g9_math_A.10E_2019_q29
[269/472] g9_math_A.10E_2019_q48
[270/472] g9_math_A.10E_2018_q11
[271/472] g9_math_A.10E_2018_q31
[272/472] g9_math_A.10E_2018_q44
[273/472] g9_math_A.10E_2017_q17
[274/472] g9_math_A.10E_2017_q28
[275/472] g9_math_A.10E_2017_q41
[276/472] g9_math_A.10E_2016_q6
[277/472] g9_math_A.10E_2016_q49
[278/472] g9_math_A.10F_2024_q47
[279/472] g9_math_A.10F_2022_q43
[280/472] g9_math_A.10F_2021_q40
[281/472] g9_math_A.10F_2016_q25
[282/472] g9_math_A.11A_2025_q3
[283/472] g9_math_A.11A_2024_q1
[284/472] g9_math_A.11A_2023_q20
[285/472] g9_math_A.11A_2021_q1
[286/472] g9_math_A.11A_2019_q53
[287/472] g9_math_A.11A_2018_q53
[288/472] g9_math_A.11A_2017_q1
[289/472] g9_math_A.11B_2025_q28
[290/472] g9_math_A.11B_2025_q48
[291/472] g9_math_A.11B_2024_q6
[292/472] g9_math_A.11B_2024_q33
[293/472] g9_math_A.11B_2023_q10
[294/472] g9_math_A.11B_2023_q35
[295/472] g9_math_A.11B_2022_q16
[296/472] g9_math_A.11B_2022_q21
[297/472] g9_math_A.11B_2021_q8
[298/472] g9_math_A.11B_2021_q26
[299/472] g9_math_A.11B_2021_q35
[300/472] g9_math_A.11B_2019_q13
[301/472] g9_math_A.11B_2019_q24
[302/472] g9_math_A.11B_2019_q34
[303/472] g9_math_A.11B_2018_q6
[304/472] g9_math_A.11B_2018_q28
[305/472] g9_math_A.11B_2018_q49
[306/472] g9_math_A.11B_2017_q6
[307/472] g9_math_A.11B_2017_q20
[308/472] g9_math_A.11B_2017_q51
[309/472] g9_math_A.11B_2016_q10
[310/472] g9_math_A.11B_2016_q31
[311/472] g9_math_A.6A_2025_q5
[312/472] g9_math_A.6A_2025_q32
[313/472] g9_math_A.6A_2024_q9
[314/472] g9_math_A.6A_2024_q32
[315/472] g9_math_A.6A_2023_q11
[316/472] g9_math_A.6A_2023_q32
[317/472] g9_math_A.6A_2022_q6
[318/472] g9_math_A.6A_2022_q47
[319/472] g9_math_A.6A_2021_q12
[320/472] g9_math_A.6A_2021_q43
[321/472] g9_math_A.6A_2019_q2
[322/472] g9_math_A.6A_2019_q50
[323/472] g9_math_A.6A_2018_q5
[324/472] g9_math_A.6A_2018_q38
[325/472] g9_math_A.6A_2017_q30
[326/472] g9_math_A.6A_2017_q53
[327/472] g9_math_A.6A_2016_q12
[328/472] g9_math_A.6A_2016_q53
[329/472] g9_math_A.6B_2025_q41
[330/472] g9_math_A.6B_2024_q40
[331/472] g9_math_A.6B_2023_q25
[332/472] g9_math_A.6B_2019_q43
[333/472] g9_math_A.6B_2018_q26
[334/472] g9_math_A.6B_2017_q43
[335/472] g9_math_A.6C_2024_q2
[336/472] g9_math_A.6C_2023_q3
[337/472] g9_math_A.6C_2022_q24
[338/472] g9_math_A.6C_2021_q16
[339/472] g9_math_A.6C_2019_q28
[340/472] g9_math_A.6C_2018_q7
[341/472] g9_math_A.6C_2017_q10
[342/472] g9_math_A.7A_2025_q15
[343/472] g9_math_A.7A_2025_q21
[344/472] g9_math_A.7A_2024_q4
[345/472] g9_math_A.7A_2024_q25
[346/472] g9_math_A.7A_2023_q19
[347/472] g9_math_A.7A_2023_q49
[348/472] g9_math_A.7A_2022_q1
[349/472] g9_math_A.7A_2022_q40
[350/472] g9_math_A.7A_2021_q7
[351/472] g9_math_A.7A_2021_q34
[352/472] g9_math_A.7A_2019_q21
[353/472] g9_math_A.7A_2019_q46
[354/472] g9_math_A.7A_2018_q29
[355/472] g9_math_A.7A_2018_q50
[356/472] g9_math_A.7A_2017_q14
[357/472] g9_math_A.7A_2017_q46
[358/472] g9_math_A.7A_2016_q34
[359/472] g9_math_A.7A_2016_q45
[360/472] g9_math_A.7B_2025_q9
[361/472] g9_math_A.7B_2024_q34
[362/472] g9_math_A.7B_2023_q8
[363/472] g9_math_A.7B_2022_q30
[364/472] g9_math_A.7B_2021_q4
[365/472] g9_math_A.7B_2018_q18
[366/472] g9_math_A.7B_2016_q16
[367/472] g9_math_A.7B_2016_q37
[368/472] g9_math_A.7C_2025_q12
[369/472] g9_math_A.7C_2025_q39
[370/472] g9_math_A.7C_2024_q21
[371/472] g9_math_A.7C_2024_q29
[372/472] g9_math_A.7C_2023_q38
[373/472] g9_math_A.7C_2022_q13
[374/472] g9_math_A.7C_2022_q50
[375/472] g9_math_A.7C_2021_q28
[376/472] g9_math_A.7C_2021_q52
[377/472] g9_math_A.7C_2019_q12
[378/472] g9_math_A.7C_2019_q33
[379/472] g9_math_A.7C_2018_q14
[380/472] g9_math_A.7C_2018_q48
[381/472] g9_math_A.7C_2017_q4
[382/472] g9_math_A.7C_2017_q24
[383/472] g9_math_A.7C_2016_q4
[384/472] g9_math_A.7C_2016_q24
[385/472] g9_math_A.7C_2016_q41
[386/472] g9_math_A.8A_2025_q26
[387/472] g9_math_A.8A_2025_q36
[388/472] g9_math_A.8A_2024_q18
[389/472] g9_math_A.8A_2024_q31
[390/472] g9_math_A.8A_2023_q41
[391/472] g9_math_A.8A_2022_q17
[392/472] g9_math_A.8A_2022_q27
[393/472] g9_math_A.8A_2021_q23
[394/472] g9_math_A.8A_2021_q37
[395/472] g9_math_A.8A_2019_q14
[396/472] g9_math_A.8A_2019_q40
[397/472] g9_math_A.8A_2018_q22
[398/472] g9_math_A.8A_2018_q41
[399/472] g9_math_A.8A_2017_q7
[400/472] g9_math_A.8A_2017_q34
[401/472] g9_math_A.8A_2016_q22
[402/472] g9_math_A.8A_2016_q29
[403/472] g9_math_A.8B_2023_q13
[404/472] g9_math_A.8B_2022_q22
[405/472] g9_math_A.8B_2021_q47
[406/472] g9_math_A.8B_2019_q19
[407/472] g9_math_A.8B_2017_q39
[408/472] g9_math_A.12B_2025_q17
[409/472] g9_math_A.12B_2024_q48
[410/472] g9_math_A.12B_2021_q14
[411/472] g9_math_A.12B_2019_q8
[412/472] g9_math_A.12B_2018_q20
[413/472] g9_math_A.12B_2017_q47
[414/472] g9_math_A.9A_2024_q17
[415/472] g9_math_A.9A_2023_q18
[416/472] g9_math_A.9A_2021_q49
[417/472] g9_math_A.9A_2019_q41
[418/472] g9_math_A.9A_2018_q23
[419/472] g9_math_A.9A_2017_q21
[420/472] g9_math_A.9A_2016_q21
[421/472] g9_math_A.9B_2025_q49
[422/472] g9_math_A.9B_2024_q5
[423/472] g9_math_A.9B_2023_q27
[424/472] g9_math_A.9B_2022_q36
[425/472] g9_math_A.9B_2019_q18
[426/472] g9_math_A.9B_2018_q46
[427/472] g9_math_A.9B_2017_q31
[428/472] g9_math_A.9C_2025_q18
[429/472] g9_math_A.9C_2025_q47
[430/472] g9_math_A.9C_2024_q19
[431/472] g9_math_A.9C_2024_q43
[432/472] g9_math_A.9C_2023_q14
[433/472] g9_math_A.9C_2023_q36
[434/472] g9_math_A.9C_2022_q9
[435/472] g9_math_A.9C_2022_q26
[436/472] g9_math_A.9C_2021_q11
[437/472] g9_math_A.9C_2021_q38
[438/472] g9_math_A.9C_2019_q9
[439/472] g9_math_A.9C_2019_q31
[440/472] g9_math_A.9C_2018_q17
[441/472] g9_math_A.9C_2018_q33
[442/472] g9_math_A.9C_2017_q15
[443/472] g9_math_A.9C_2017_q35
[444/472] g9_math_A.9C_2016_q28
[445/472] g9_math_A.9C_2016_q40
[446/472] g9_math_A.9D_2025_q2
[447/472] g9_math_A.9D_2025_q33
[448/472] g9_math_A.9D_2024_q11
[449/472] g9_math_A.9D_2024_q27
[450/472] g9_math_A.9D_2023_q9
[451/472] g9_math_A.9D_2023_q42
[452/472] g9_math_A.9D_2022_q20
[453/472] g9_math_A.9D_2022_q52
[454/472] g9_math_A.9D_2021_q27
[455/472] g9_math_A.9D_2021_q53
[456/472] g9_math_A.9D_2019_q27
[457/472] g9_math_A.9D_2019_q38
[458/472] g9_math_A.9D_2018_q4
[459/472] g9_math_A.9D_2018_q40
[460/472] g9_math_A.9D_2017_q8
[461/472] g9_math_A.9D_2017_q49
[462/472] g9_math_A.9D_2016_q9
[463/472] g9_math_A.9D_2016_q50
[464/472] g9_math_A.9E_2025_q43
[465/472] g9_math_A.9E_2022_q44
[466/472] g9_math_A.9E_2021_q21
[467/472] g9_math_A.9E_2016_q17
[468/472] g9_math_A.12A_2022_q4
[469/472] g9_math_A.12A_2017_q38
[470/472] g9_math_A.12C_2025_q40
[471/472] g9_math_A.12C_2017_q22
[472/472] g9_math_A.12D_2022_q41
Wrote 472 items to C:\Users\Casa-Desktop\Downloads\staar_first3_demo\collections\grade-9\math\data\staar_catalog.json
