[1/192] g9_science_B.5A_2025_q8
[2/192] g9_science_B.5A_2025_q44
[3/192] g9_science_B.5A_2024_q18
[4/192] g9_science_B.5A_2024_q41
[5/192] g9_science_B.5A_2023_q16
[6/192] g9_science_B.5A_2023_q42
[7/192] g9_science_B.5A_2022_q31
[8/192] g9_science_B.5A_2021_q12
[9/192] g9_science_B.5A_2021_q31
[10/192] g9_science_B.5A_2019_q40
[11/192] g9_science_B.5A_2019_q50
[12/192] g9_science_B.5B_2025_q3
[13/192] g9_science_B.5B_2025_q9
[14/192] g9_science_B.5B_2024_q23
[15/192] g9_science_B.5B_2023_q11
[16/192] g9_science_B.5B_2022_q21
[17/192] g9_science_B.5B_2021_q14
[18/192] g9_science_B.5B_2019_q6
[19/192] g9_science_B.5D_2025_q21
[20/192] g9_science_B.5D_2025_q37
[21/192] g9_science_B.5D_2022_q32
[22/192] g9_science_B.5D_2021_q30
[23/192] g9_science_B.5D_2019_q13
[24/192] g9_science_B.6A_2025_q42
[25/192] g9_science_B.6A_2025_q45
[26/192] g9_science_B.6A_2024_q7
[27/192] g9_science_B.6A_2024_q27
[28/192] g9_science_B.6A_2021_q8
[29/192] g9_science_B.6A_2021_q39
[30/192] g9_science_B.6A_2019_q46
[31/192] g9_science_B.6B_2025_q31
[32/192] g9_science_B.6B_2024_q42
[33/192] g9_science_B.6B_2023_q4
[34/192] g9_science_B.6B_2022_q10
[35/192] g9_science_B.6B_2021_q23
[36/192] g9_science_B.6B_2019_q49
[37/192] g9_science_B.6C_2025_q13
[38/192] g9_science_B.6C_2024_q9
[39/192] g9_science_B.6C_2023_q31
[40/192] g9_science_B.6C_2022_q37
[41/192] g9_science_B.6C_2021_q2
[42/192] g9_science_B.6C_2019_q27
[43/192] g9_science_B.7A_2025_q2
[44/192] g9_science_B.7A_2025_q22
[45/192] g9_science_B.7A_2024_q1
[46/192] g9_science_B.7A_2024_q32
[47/192] g9_science_B.7A_2023_q32
[48/192] g9_science_B.7A_2023_q45
[49/192] g9_science_B.7A_2022_q20
[50/192] g9_science_B.7A_2022_q28
[51/192] g9_science_B.7A_2021_q11
[52/192] g9_science_B.7A_2021_q34
[53/192] g9_science_B.7A_2019_q3
[54/192] g9_science_B.7A_2019_q43
[55/192] g9_science_B.7B_2025_q6
[56/192] g9_science_B.7B_2025_q36
[57/192] g9_science_B.7B_2024_q24
[58/192] g9_science_B.7B_2023_q29
[59/192] g9_science_B.7B_2022_q16
[60/192] g9_science_B.7B_2021_q27
[61/192] g9_science_B.7B_2019_q8
[62/192] g9_science_B.7C_2025_q34
[63/192] g9_science_B.7C_2025_q41
[64/192] g9_science_B.7C_2024_q13
[65/192] g9_science_B.7C_2023_q19
[66/192] g9_science_B.7C_2022_q5
[67/192] g9_science_B.7C_2022_q34
[68/192] g9_science_B.7C_2021_q3
[69/192] g9_science_B.7C_2021_q37
[70/192] g9_science_B.7C_2019_q28
[71/192] g9_science_B.7C_2019_q36
[72/192] g9_science_B.8A_2024_q36
[73/192] g9_science_B.8A_2025_q14
[74/192] g9_science_B.8A_2025_q43
[75/192] g9_science_B.8A_2023_q26
[76/192] g9_science_B.8A_2022_q18
[77/192] g9_science_B.8A_2021_q48
[78/192] g9_science_B.8A_2019_q41
[79/192] g9_science_B.8B_2025_q19
[80/192] g9_science_B.8B_2025_q27
[81/192] g9_science_B.8B_2024_q5
[82/192] g9_science_B.8B_2024_q28
[83/192] g9_science_B.8B_2023_q10
[84/192] g9_science_B.8B_2022_q9
[85/192] g9_science_B.8B_2022_q30
[86/192] g9_science_B.8B_2021_q25
[87/192] g9_science_B.8B_2021_q41
[88/192] g9_science_B.8B_2019_q17
[89/192] g9_science_B.8B_2019_q26
[90/192] g9_science_B.9A_2025_q28
[91/192] g9_science_B.9A_2025_q32
[92/192] g9_science_B.9A_2024_q19
[93/192] g9_science_B.9A_2023_q36
[94/192] g9_science_B.9A_2022_q41
[95/192] g9_science_B.9A_2021_q13
[96/192] g9_science_B.9A_2021_q44
[97/192] g9_science_B.9A_2019_q47
[98/192] g9_science_B.9B_2025_q1
[99/192] g9_science_B.9B_2024_q20
[100/192] g9_science_B.9B_2023_q27
[101/192] g9_science_B.9B_2022_q39
[102/192] g9_science_B.9B_2021_q22
[103/192] g9_science_B.9B_2019_q12
[104/192] g9_science_B.10A_2025_q11
[105/192] g9_science_B.10A_2021_q4
[106/192] g9_science_B.10A_2019_q33
[107/192] g9_science_B.10B_2025_q20
[108/192] g9_science_B.10B_2024_q34
[109/192] g9_science_B.10B_2023_q38
[110/192] g9_science_B.10B_2022_q11
[111/192] g9_science_B.10B_2021_q40
[112/192] g9_science_B.10B_2019_q42
[113/192] g9_science_B.10C_2025_q7
[114/192] g9_science_B.10C_2025_q39
[115/192] g9_science_B.10C_2024_q45
[116/192] g9_science_B.10D_2025_q24
[117/192] g9_science_B.10D_2024_q33
[118/192] g9_science_B.10D_2023_q40
[119/192] g9_science_B.10D_2022_q43
[120/192] g9_science_B.10D_2019_q22
[121/192] g9_science_B.11A_2025_q17
[122/192] g9_science_B.11A_2024_q22
[123/192] g9_science_B.11A_2023_q2
[124/192] g9_science_B.11A_2022_q45
[125/192] g9_science_B.11A_2021_q9
[126/192] g9_science_B.11A_2019_q45
[127/192] g9_science_B.11B_2025_q29
[128/192] g9_science_B.11B_2025_q38
[129/192] g9_science_B.11B_2024_q37
[130/192] g9_science_B.11B_2023_q28
[131/192] g9_science_B.11B_2022_q29
[132/192] g9_science_B.11B_2021_q19
[133/192] g9_science_B.11B_2019_q14
[134/192] g9_science_B.12A_2025_q5
[135/192] g9_science_B.12A_2025_q23
[136/192] g9_science_B.12A_2024_q10
[137/192] g9_science_B.12A_2024_q31
[138/192] g9_science_B.12A_2023_q13
[139/192] g9_science_B.12A_2023_q21
[140/192] g9_science_B.12A_2022_q3
[141/192] g9_science_B.12A_2022_q22
[142/192] g9_science_B.12A_2022_q42
[143/192] g9_science_B.12A_2021_q1
[144/192] g9_science_B.12A_2021_q26
[145/192] g9_science_B.12A_2021_q49
[146/192] g9_science_B.12A_2019_q5
[147/192] g9_science_B.12A_2019_q25
[148/192] g9_science_B.12A_2019_q38
[149/192] g9_science_B.12B_2025_q12
[150/192] g9_science_B.12B_2025_q33
[151/192] g9_science_B.12B_2024_q8
[152/192] g9_science_B.12B_2023_q18
[153/192] g9_science_B.12B_2023_q39
[154/192] g9_science_B.12B_2022_q7
[155/192] g9_science_B.12B_2022_q19
[156/192] g9_science_B.12B_2022_q47
[157/192] g9_science_B.12B_2021_q24
[158/192] g9_science_B.12B_2021_q46
[159/192] g9_science_B.12B_2019_q18
[160/192] g9_science_B.12B_2019_q35
[161/192] g9_science_B.13A_2025_q35
[162/192] g9_science_B.13A_2025_q40
[163/192] g9_science_B.13A_2024_q26
[164/192] g9_science_B.13A_2024_q38
[165/192] g9_science_B.13A_2023_q30
[166/192] g9_science_B.13A_2022_q15
[167/192] g9_science_B.13A_2022_q38
[168/192] g9_science_B.13A_2021_q21
[169/192] g9_science_B.13A_2021_q38
[170/192] g9_science_B.13A_2019_q32
[171/192] g9_science_B.13A_2019_q44
[172/192] g9_science_B.13B_2025_q18
[173/192] g9_science_B.13B_2025_q30
[174/192] g9_science_B.13B_2023_q3
[175/192] g9_science_B.13B_2019_q20
[176/192] g9_science_B.13C_2025_q10
[177/192] g9_science_B.13C_2025_q15
[178/192] g9_science_B.13C_2024_q11
[179/192] g9_science_B.13C_2023_q25
[180/192] g9_science_B.13C_2022_q24
[181/192] g9_science_B.13C_2021_q32
[182/192] g9_science_B.13C_2019_q4
[183/192] g9_science_B.13D_2025_q4
[184/192] g9_science_B.13D_2025_q25
[185/192] g9_science_B.13D_2024_q14
[186/192] g9_science_B.13D_2024_q40
[187/192] g9_science_B.13D_2023_q8
[188/192] g9_science_B.13D_2022_q4
[189/192] g9_science_B.13D_2022_q46
[190/192] g9_science_B.13D_2021_q10
[191/192] g9_science_B.13D_2021_q28
[192/192] g9_science_B.13D_2019_q11
Wrote 192 items to C:\Users\Casa-Desktop\Downloads\staar_first3_demo\collections\grade-9\science\data\staar_catalog.json
